Component: Arm Compiler for Embedded 6.18 Tool: armlink [5e4cc100]

==============================================================================

Section Cross References

    startup_stm32f103xb.o(RESET) refers to startup_stm32f103xb.o(STACK) for __initial_sp
    startup_stm32f103xb.o(RESET) refers to startup_stm32f103xb.o(.text) for Reset_Handler
    startup_stm32f103xb.o(RESET) refers to stm32f1xx_it.o(.text.NMI_Handler) for NMI_Handler
    startup_stm32f103xb.o(RESET) refers to stm32f1xx_it.o(.text.HardFault_Handler) for HardFault_Handler
    startup_stm32f103xb.o(RESET) refers to stm32f1xx_it.o(.text.MemManage_Handler) for MemManage_Handler
    startup_stm32f103xb.o(RESET) refers to stm32f1xx_it.o(.text.BusFault_Handler) for BusFault_Handler
    startup_stm32f103xb.o(RESET) refers to stm32f1xx_it.o(.text.UsageFault_Handler) for UsageFault_Handler
    startup_stm32f103xb.o(RESET) refers to stm32f1xx_it.o(.text.SVC_Handler) for SVC_Handler
    startup_stm32f103xb.o(RESET) refers to stm32f1xx_it.o(.text.DebugMon_Handler) for DebugMon_Handler
    startup_stm32f103xb.o(RESET) refers to stm32f1xx_it.o(.text.PendSV_Handler) for PendSV_Handler
    startup_stm32f103xb.o(RESET) refers to stm32f1xx_it.o(.text.SysTick_Handler) for SysTick_Handler
    startup_stm32f103xb.o(.text) refers to system_stm32f1xx.o(.text.SystemInit) for SystemInit
    startup_stm32f103xb.o(.text) refers to entry.o(.ARM.Collect$$$$00000000) for __main
    i2c.o(.text.MX_I2C1_Init) refers to i2c.o(.bss.hi2c1) for hi2c1
    i2c.o(.text.MX_I2C1_Init) refers to stm32f1xx_hal_i2c.o(.text.HAL_I2C_Init) for HAL_I2C_Init
    i2c.o(.text.MX_I2C1_Init) refers to main.o(.text.Error_Handler) for Error_Handler
    i2c.o(.ARM.exidx.text.MX_I2C1_Init) refers to i2c.o(.text.MX_I2C1_Init) for [Anonymous Symbol]
    i2c.o(.text.HAL_I2C_MspInit) refers to stm32f1xx_hal_gpio.o(.text.HAL_GPIO_Init) for HAL_GPIO_Init
    i2c.o(.ARM.exidx.text.HAL_I2C_MspInit) refers to i2c.o(.text.HAL_I2C_MspInit) for [Anonymous Symbol]
    i2c.o(.text.HAL_I2C_MspDeInit) refers to stm32f1xx_hal_gpio.o(.text.HAL_GPIO_DeInit) for HAL_GPIO_DeInit
    i2c.o(.ARM.exidx.text.HAL_I2C_MspDeInit) refers to i2c.o(.text.HAL_I2C_MspDeInit) for [Anonymous Symbol]
    bme280.o(.text.BME280_ReadID) refers to bme280.o(.text.read_regs) for read_regs
    bme280.o(.ARM.exidx.text.BME280_ReadID) refers to bme280.o(.text.BME280_ReadID) for [Anonymous Symbol]
    bme280.o(.text.read_regs) refers to stm32f1xx_hal_i2c.o(.text.HAL_I2C_Mem_Read) for HAL_I2C_Mem_Read
    bme280.o(.ARM.exidx.text.read_regs) refers to bme280.o(.text.read_regs) for [Anonymous Symbol]
    bme280.o(.text.BME280_Reset) refers to bme280.o(.text.write_reg) for write_reg
    bme280.o(.text.BME280_Reset) refers to stm32f1xx_hal.o(.text.HAL_Delay) for HAL_Delay
    bme280.o(.ARM.exidx.text.BME280_Reset) refers to bme280.o(.text.BME280_Reset) for [Anonymous Symbol]
    bme280.o(.text.write_reg) refers to stm32f1xx_hal_i2c.o(.text.HAL_I2C_Mem_Write) for HAL_I2C_Mem_Write
    bme280.o(.ARM.exidx.text.write_reg) refers to bme280.o(.text.write_reg) for [Anonymous Symbol]
    bme280.o(.text.BME280_Init) refers to bme280.o(.text.BME280_ReadID) for BME280_ReadID
    bme280.o(.text.BME280_Init) refers to bme280.o(.text.BME280_Reset) for BME280_Reset
    bme280.o(.text.BME280_Init) refers to stm32f1xx_hal.o(.text.HAL_Delay) for HAL_Delay
    bme280.o(.text.BME280_Init) refers to bme280.o(.text.read_calibration) for read_calibration
    bme280.o(.text.BME280_Init) refers to bme280.o(.text.write_reg) for write_reg
    bme280.o(.ARM.exidx.text.BME280_Init) refers to bme280.o(.text.BME280_Init) for [Anonymous Symbol]
    bme280.o(.text.read_calibration) refers to bme280.o(.text.read_regs) for read_regs
    bme280.o(.text.read_calibration) refers to bme280.o(.bss.calib) for calib
    bme280.o(.ARM.exidx.text.read_calibration) refers to bme280.o(.text.read_calibration) for [Anonymous Symbol]
    bme280.o(.text.BME280_ForceMeasure) refers to bme280.o(.text.write_reg) for write_reg
    bme280.o(.ARM.exidx.text.BME280_ForceMeasure) refers to bme280.o(.text.BME280_ForceMeasure) for [Anonymous Symbol]
    bme280.o(.text.BME280_ReadTemperature) refers to bme280.o(.text.read_regs) for read_regs
    bme280.o(.text.BME280_ReadTemperature) refers to bme280.o(.bss.calib) for calib
    bme280.o(.text.BME280_ReadTemperature) refers to bme280.o(.bss.t_fine) for t_fine
    bme280.o(.text.BME280_ReadTemperature) refers to fflti.o(.text) for __aeabi_i2f
    bme280.o(.text.BME280_ReadTemperature) refers to fdiv.o(.text) for __aeabi_fdiv
    bme280.o(.ARM.exidx.text.BME280_ReadTemperature) refers to bme280.o(.text.BME280_ReadTemperature) for [Anonymous Symbol]
    bme280.o(.text.BME280_ReadPressure) refers to bme280.o(.text.read_regs) for read_regs
    bme280.o(.text.BME280_ReadPressure) refers to bme280.o(.bss.t_fine) for t_fine
[...]
    Removing stm32f1xx_hal_uart.o(.text.HAL_UART_TxCpltCallback), (8 bytes).
    Removing stm32f1xx_hal_uart.o(.ARM.exidx.text.HAL_UART_TxCpltCallback), (8 bytes).
    Removing stm32f1xx_hal_uart.o(.text.HAL_UART_TxHalfCpltCallback), (8 bytes).
    Removing stm32f1xx_hal_uart.o(.ARM.exidx.text.HAL_UART_TxHalfCpltCallback), (8 bytes).
    Removing stm32f1xx_hal_uart.o(.text.HAL_UART_RxCpltCallback), (8 bytes).
    Removing stm32f1xx_hal_uart.o(.ARM.exidx.text.HAL_UART_RxCpltCallback), (8 bytes).
    Removing stm32f1xx_hal_uart.o(.text.HAL_UART_RxHalfCpltCallback), (8 bytes).
    Removing stm32f1xx_hal_uart.o(.ARM.exidx.text.HAL_UART_RxHalfCpltCallback), (8 bytes).
    Removing stm32f1xx_hal_uart.o(.text.HAL_LIN_SendBreak), (120 bytes).
    Removing stm32f1xx_hal_uart.o(.ARM.exidx.text.HAL_LIN_SendBreak), (8 bytes).
    Removing stm32f1xx_hal_uart.o(.text.HAL_MultiProcessor_EnterMuteMode), (126 bytes).
    Removing stm32f1xx_hal_uart.o(.ARM.exidx.text.HAL_MultiProcessor_EnterMuteMode), (8 bytes).
    Removing stm32f1xx_hal_uart.o(.text.HAL_MultiProcessor_ExitMuteMode), (126 bytes).
    Removing stm32f1xx_hal_uart.o(.ARM.exidx.text.HAL_MultiProcessor_ExitMuteMode), (8 bytes).
    Removing stm32f1xx_hal_uart.o(.text.HAL_HalfDuplex_EnableTransmitter), (118 bytes).
    Removing stm32f1xx_hal_uart.o(.ARM.exidx.text.HAL_HalfDuplex_EnableTransmitter), (8 bytes).
    Removing stm32f1xx_hal_uart.o(.text.HAL_HalfDuplex_EnableReceiver), (118 bytes).
    Removing stm32f1xx_hal_uart.o(.ARM.exidx.text.HAL_HalfDuplex_EnableReceiver), (8 bytes).
    Removing stm32f1xx_hal_uart.o(.text.HAL_UART_GetState), (40 bytes).
    Removing stm32f1xx_hal_uart.o(.ARM.exidx.text.HAL_UART_GetState), (8 bytes).
    Removing stm32f1xx_hal_uart.o(.text.HAL_UART_GetError), (12 bytes).
    Removing stm32f1xx_hal_uart.o(.ARM.exidx.text.HAL_UART_GetError), (8 bytes).
    Removing stm32f1xx_hal_uart.o(.text.UART_DMAReceiveCplt), (244 bytes).
    Removing stm32f1xx_hal_uart.o(.ARM.exidx.text.UART_DMAReceiveCplt), (8 bytes).
    Removing stm32f1xx_hal_uart.o(.text.UART_DMARxHalfCplt), (52 bytes).
    Removing stm32f1xx_hal_uart.o(.ARM.exidx.text.UART_DMARxHalfCplt), (8 bytes).
    Removing stm32f1xx_hal.o(.text), (0 bytes).
    Removing stm32f1xx_hal.o(.ARM.exidx.text.HAL_Init), (8 bytes).
    Removing stm32f1xx_hal.o(.ARM.exidx.text.HAL_InitTick), (8 bytes).
    Removing stm32f1xx_hal.o(.text.HAL_MspInit), (2 bytes).
    Removing stm32f1xx_hal.o(.ARM.exidx.text.HAL_MspInit), (8 bytes).
    Removing stm32f1xx_hal.o(.text.HAL_DeInit), (46 bytes).
    Removing stm32f1xx_hal.o(.ARM.exidx.text.HAL_DeInit), (8 bytes).
    Removing stm32f1xx_hal.o(.text.HAL_MspDeInit), (2 bytes).
    Removing stm32f1xx_hal.o(.ARM.exidx.text.HAL_MspDeInit), (8 bytes).
    Removing stm32f1xx_hal.o(.ARM.exidx.text.HAL_IncTick), (8 bytes).
    Removing stm32f1xx_hal.o(.ARM.exidx.text.HAL_GetTick), (8 bytes).
    Removing stm32f1xx_hal.o(.text.HAL_GetTickPrio), (12 bytes).
    Removing stm32f1xx_hal.o(.ARM.exidx.text.HAL_GetTickPrio), (8 bytes).
    Removing stm32f1xx_hal.o(.text.HAL_SetTickFreq), (106 bytes).
    Removing stm32f1xx_hal.o(.ARM.exidx.text.HAL_SetTickFreq), (8 bytes).
    Removing stm32f1xx_hal.o(.text.HAL_GetTickFreq), (12 bytes).
    Removing stm32f1xx_hal.o(.ARM.exidx.text.HAL_GetTickFreq), (8 bytes).
    Removing stm32f1xx_hal.o(.ARM.exidx.text.HAL_Delay), (8 bytes).
    Removing stm32f1xx_hal.o(.text.HAL_SuspendTick), (18 bytes).
    Removing stm32f1xx_hal.o(.ARM.exidx.text.HAL_SuspendTick), (8 bytes).
    Removing stm32f1xx_hal.o(.text.HAL_ResumeTick), (18 bytes).
    Removing stm32f1xx_hal.o(.ARM.exidx.text.HAL_ResumeTick), (8 bytes).
    Removing stm32f1xx_hal.o(.text.HAL_GetHalVersion), (10 bytes).
    Removing stm32f1xx_hal.o(.ARM.exidx.text.HAL_GetHalVersion), (8 bytes).
    Removing stm32f1xx_hal.o(.text.HAL_GetREVID), (14 bytes).
    Removing stm32f1xx_hal.o(.ARM.exidx.text.HAL_GetREVID), (8 bytes).
    Removing stm32f1xx_hal.o(.text.HAL_GetDEVID), (16 bytes).
    Removing stm32f1xx_hal.o(.ARM.exidx.text.HAL_GetDEVID), (8 bytes).
    Removing stm32f1xx_hal.o(.text.HAL_GetUIDw0), (12 bytes).
    Removing stm32f1xx_hal.o(.ARM.exidx.text.HAL_GetUIDw0), (8 bytes).
    Removing stm32f1xx_hal.o(.text.HAL_GetUIDw1), (12 bytes).
    Removing stm32f1xx_hal.o(.ARM.exidx.text.HAL_GetUIDw1), (8 bytes).
    Removing stm32f1xx_hal.o(.text.HAL_GetUIDw2), (12 bytes).
    Removing stm32f1xx_hal.o(.ARM.exidx.text.HAL_GetUIDw2), (8 bytes).
    Removing stm32f1xx_hal.o(.text.HAL_DBGMCU_EnableDBGSleepMode), (18 bytes).
    Removing stm32f1xx_hal.o(.ARM.exidx.text.HAL_DBGMCU_EnableDBGSleepMode), (8 bytes).
    Removing stm32f1xx_hal.o(.text.HAL_DBGMCU_DisableDBGSleepMode), (18 bytes).
    Removing stm32f1xx_hal.o(.ARM.exidx.text.HAL_DBGMCU_DisableDBGSleepMode), (8 bytes).
    Removing stm32f1xx_hal.o(.text.HAL_DBGMCU_EnableDBGStopMode), (18 bytes).
    Removing stm32f1xx_hal.o(.ARM.exidx.text.HAL_DBGMCU_EnableDBGStopMode), (8 bytes).
    Removing stm32f1xx_hal.o(.text.HAL_DBGMCU_DisableDBGStopMode), (18 bytes).
    Removing stm32f1xx_hal.o(.ARM.exidx.text.HAL_DBGMCU_DisableDBGStopMode), (8 bytes).
    Removing stm32f1xx_hal.o(.text.HAL_DBGMCU_EnableDBGStandbyMode), (18 bytes).
    Removing stm32f1xx_hal.o(.ARM.exidx.text.HAL_DBGMCU_EnableDBGStandbyMode), (8 bytes).
    Removing stm32f1xx_hal.o(.text.HAL_DBGMCU_DisableDBGStandbyMode), (18 bytes).
    Removing stm32f1xx_hal.o(.ARM.exidx.text.HAL_DBGMCU_DisableDBGStandbyMode), (8 bytes).
    Removing stm32f1xx_hal_rcc.o(.text), (0 bytes).
    Removing stm32f1xx_hal_rcc.o(.text.HAL_RCC_DeInit), (400 bytes).
    Removing stm32f1xx_hal_rcc.o(.ARM.exidx.text.HAL_RCC_DeInit), (8 bytes).
    Removing stm32f1xx_hal_rcc.o(.ARM.exidx.text.HAL_RCC_OscConfig), (8 bytes).
    Removing stm32f1xx_hal_rcc.o(.ARM.exidx.text.RCC_Delay), (8 bytes).
    Removing stm32f1xx_hal_rcc.o(.ARM.exidx.text.HAL_RCC_ClockConfig), (8 bytes).
    Removing stm32f1xx_hal_rcc.o(.ARM.exidx.text.HAL_RCC_GetSysClockFreq), (8 bytes).
    Removing stm32f1xx_hal_rcc.o(.text.HAL_RCC_MCOConfig), (104 bytes).
    Removing stm32f1xx_hal_rcc.o(.ARM.exidx.text.HAL_RCC_MCOConfig), (8 bytes).
    Removing stm32f1xx_hal_rcc.o(.text.HAL_RCC_EnableCSS), (12 bytes).
    Removing stm32f1xx_hal_rcc.o(.ARM.exidx.text.HAL_RCC_EnableCSS), (8 bytes).
    Removing stm32f1xx_hal_rcc.o(.text.HAL_RCC_DisableCSS), (12 bytes).
    Removing stm32f1xx_hal_rcc.o(.ARM.exidx.text.HAL_RCC_DisableCSS), (8 bytes).
    Removing stm32f1xx_hal_rcc.o(.ARM.exidx.text.HAL_RCC_GetHCLKFreq), (8 bytes).
    Removing stm32f1xx_hal_rcc.o(.ARM.exidx.text.HAL_RCC_GetPCLK1Freq), (8 bytes).
    Removing stm32f1xx_hal_rcc.o(.ARM.exidx.text.HAL_RCC_GetPCLK2Freq), (8 bytes).
    Removing stm32f1xx_hal_rcc.o(.text.HAL_RCC_GetOscConfig), (302 bytes).
    Removing stm32f1xx_hal_rcc.o(.ARM.exidx.text.HAL_RCC_GetOscConfig), (8 bytes).
    Removing stm32f1xx_hal_rcc.o(.text.HAL_RCC_GetClockConfig), (84 bytes).
    Removing stm32f1xx_hal_rcc.o(.ARM.exidx.text.HAL_RCC_GetClockConfig), (8 bytes).
    Removing stm32f1xx_hal_rcc.o(.text.HAL_RCC_NMI_IRQHandler), (40 bytes).
    Removing stm32f1xx_hal_rcc.o(.ARM.exidx.text.HAL_RCC_NMI_IRQHandler), (8 bytes).
    Removing stm32f1xx_hal_rcc.o(.text.HAL_RCC_CSSCallback), (2 bytes).
    Removing stm32f1xx_hal_rcc.o(.ARM.exidx.text.HAL_RCC_CSSCallback), (8 bytes).
    Removing stm32f1xx_hal_rcc_ex.o(.text), (0 bytes).
    Removing stm32f1xx_hal_rcc_ex.o(.text.HAL_RCCEx_PeriphCLKConfig), (456 bytes).
    Removing stm32f1xx_hal_rcc_ex.o(.ARM.exidx.text.HAL_RCCEx_PeriphCLKConfig), (8 bytes).
    Removing stm32f1xx_hal_rcc_ex.o(.text.HAL_RCCEx_GetPeriphCLKConfig), (88 bytes).
    Removing stm32f1xx_hal_rcc_ex.o(.ARM.exidx.text.HAL_RCCEx_GetPeriphCLKConfig), (8 bytes).
    Removing stm32f1xx_hal_rcc_ex.o(.text.HAL_RCCEx_GetPeriphCLKFreq), (406 bytes).
    Removing stm32f1xx_hal_rcc_ex.o(.ARM.exidx.text.HAL_RCCEx_GetPeriphCLKFreq), (8 bytes).
    Removing stm32f1xx_hal_rcc_ex.o(.rodata.HAL_RCCEx_GetPeriphCLKFreq.aPLLMULFactorTable), (16 bytes).
    Removing stm32f1xx_hal_rcc_ex.o(.rodata.HAL_RCCEx_GetPeriphCLKFreq.aPredivFactorTable), (2 bytes).
    Removing stm32f1xx_hal_gpio.o(.text), (0 bytes).
    Removing stm32f1xx_hal_gpio.o(.ARM.exidx.text.HAL_GPIO_Init), (8 bytes).
    Removing stm32f1xx_hal_gpio.o(.text.HAL_GPIO_DeInit), (414 bytes).
    Removing stm32f1xx_hal_gpio.o(.ARM.exidx.text.HAL_GPIO_DeInit), (8 bytes).
    Removing stm32f1xx_hal_gpio.o(.text.HAL_GPIO_ReadPin), (46 bytes).
    Removing stm32f1xx_hal_gpio.o(.ARM.exidx.text.HAL_GPIO_ReadPin), (8 bytes).
    Removing stm32f1xx_hal_gpio.o(.text.HAL_GPIO_WritePin), (46 bytes).
    Removing stm32f1xx_hal_gpio.o(.ARM.exidx.text.HAL_GPIO_WritePin), (8 bytes).
    Removing stm32f1xx_hal_gpio.o(.text.HAL_GPIO_TogglePin), (38 bytes).
    Removing stm32f1xx_hal_gpio.o(.ARM.exidx.text.HAL_GPIO_TogglePin), (8 bytes).
    Removing stm32f1xx_hal_gpio.o(.text.HAL_GPIO_LockPin), (86 bytes).
    Removing stm32f1xx_hal_gpio.o(.ARM.exidx.text.HAL_GPIO_LockPin), (8 bytes).
    Removing stm32f1xx_hal_gpio.o(.text.HAL_GPIO_EXTI_IRQHandler), (56 bytes).
    Removing stm32f1xx_hal_gpio.o(.ARM.exidx.text.HAL_GPIO_EXTI_IRQHandler), (8 bytes).
    Removing stm32f1xx_hal_gpio.o(.text.HAL_GPIO_EXTI_Callback), (10 bytes).
    Removing stm32f1xx_hal_gpio.o(.ARM.exidx.text.HAL_GPIO_EXTI_Callback), (8 bytes).
    Removing stm32f1xx_hal_dma.o(.text), (0 bytes).
    Removing stm32f1xx_hal_dma.o(.text.HAL_DMA_Init), (174 bytes).
    Removing stm32f1xx_hal_dma.o(.ARM.exidx.text.HAL_DMA_Init), (8 bytes).
    Removing stm32f1xx_hal_dma.o(.text.HAL_DMA_DeInit), (170 bytes).
    Removing stm32f1xx_hal_dma.o(.ARM.exidx.text.HAL_DMA_DeInit), (8 bytes).
    Removing stm32f1xx_hal_dma.o(.text.HAL_DMA_Start), (154 bytes).
    Removing stm32f1xx_hal_dma.o(.ARM.exidx.text.HAL_DMA_Start), (8 bytes).
    Removing stm32f1xx_hal_dma.o(.text.DMA_SetConfig), (80 bytes).
    Removing stm32f1xx_hal_dma.o(.ARM.exidx.text.DMA_SetConfig), (8 bytes).
    Removing stm32f1xx_hal_dma.o(.text.HAL_DMA_Start_IT), (202 bytes).
    Removing stm32f1xx_hal_dma.o(.ARM.exidx.text.HAL_DMA_Start_IT), (8 bytes).
    Removing stm32f1xx_hal_dma.o(.text.HAL_DMA_Abort), (124 bytes).
    Removing stm32f1xx_hal_dma.o(.ARM.exidx.text.HAL_DMA_Abort), (8 bytes).
    Removing stm32f1xx_hal_dma.o(.text.HAL_DMA_Abort_IT), (284 bytes).
    Removing stm32f1xx_hal_dma.o(.ARM.exidx.text.HAL_DMA_Abort_IT), (8 bytes).
    Removing stm32f1xx_hal_dma.o(.text.HAL_DMA_PollForTransfer), (1168 bytes).
    Removing stm32f1xx_hal_dma.o(.ARM.exidx.text.HAL_DMA_PollForTransfer), (8 bytes).
    Removing stm32f1xx_hal_dma.o(.text.HAL_DMA_IRQHandler), (646 bytes).
    Removing stm32f1xx_hal_dma.o(.ARM.exidx.text.HAL_DMA_IRQHandler), (8 bytes).
    Removing stm32f1xx_hal_dma.o(.text.HAL_DMA_RegisterCallback), (164 bytes).
    Removing stm32f1xx_hal_dma.o(.ARM.exidx.text.HAL_DMA_RegisterCallback), (8 bytes).
    Removing stm32f1xx_hal_dma.o(.text.HAL_DMA_UnRegisterCallback), (184 bytes).
    Removing stm32f1xx_hal_dma.o(.ARM.exidx.text.HAL_DMA_UnRegisterCallback), (8 bytes).
    Removing stm32f1xx_hal_dma.o(.text.HAL_DMA_GetState), (14 bytes).
    Removing stm32f1xx_hal_dma.o(.ARM.exidx.text.HAL_DMA_GetState), (8 bytes).
    Removing stm32f1xx_hal_dma.o(.text.HAL_DMA_GetError), (12 bytes).
    Removing stm32f1xx_hal_dma.o(.ARM.exidx.text.HAL_DMA_GetError), (8 bytes).
    Removing stm32f1xx_hal_cortex.o(.text), (0 bytes).
    Removing stm32f1xx_hal_cortex.o(.ARM.exidx.text.HAL_NVIC_SetPriorityGrouping), (8 bytes).
    Removing stm32f1xx_hal_cortex.o(.ARM.exidx.text.__NVIC_SetPriorityGrouping), (8 bytes).
    Removing stm32f1xx_hal_cortex.o(.ARM.exidx.text.HAL_NVIC_SetPriority), (8 bytes).
    Removing stm32f1xx_hal_cortex.o(.ARM.exidx.text.__NVIC_GetPriorityGrouping), (8 bytes).
    Removing stm32f1xx_hal_cortex.o(.ARM.exidx.text.__NVIC_SetPriority), (8 bytes).
    Removing stm32f1xx_hal_cortex.o(.ARM.exidx.text.NVIC_EncodePriority), (8 bytes).
    Removing stm32f1xx_hal_cortex.o(.text.HAL_NVIC_EnableIRQ), (20 bytes).
    Removing stm32f1xx_hal_cortex.o(.ARM.exidx.text.HAL_NVIC_EnableIRQ), (8 bytes).
    Removing stm32f1xx_hal_cortex.o(.text.__NVIC_EnableIRQ), (48 bytes).
    Removing stm32f1xx_hal_cortex.o(.ARM.exidx.text.__NVIC_EnableIRQ), (8 bytes).
    Removing stm32f1xx_hal_cortex.o(.text.HAL_NVIC_DisableIRQ), (20 bytes).
    Removing stm32f1xx_hal_cortex.o(.ARM.exidx.text.HAL_NVIC_DisableIRQ), (8 bytes).
    Removing stm32f1xx_hal_cortex.o(.text.__NVIC_DisableIRQ), (56 bytes).
    Removing stm32f1xx_hal_cortex.o(.ARM.exidx.text.__NVIC_DisableIRQ), (8 bytes).
    Removing stm32f1xx_hal_cortex.o(.text.HAL_NVIC_SystemReset), (4 bytes).
    Removing stm32f1xx_hal_cortex.o(.ARM.exidx.text.HAL_NVIC_SystemReset), (8 bytes).
    Removing stm32f1xx_hal_cortex.o(.text.__NVIC_SystemReset), (38 bytes).
    Removing stm32f1xx_hal_cortex.o(.ARM.exidx.text.__NVIC_SystemReset), (8 bytes).
    Removing stm32f1xx_hal_cortex.o(.ARM.exidx.text.HAL_SYSTICK_Config), (8 bytes).
    Removing stm32f1xx_hal_cortex.o(.ARM.exidx.text.SysTick_Config), (8 bytes).
    Removing stm32f1xx_hal_cortex.o(.text.HAL_NVIC_GetPriorityGrouping), (8 bytes).
    Removing stm32f1xx_hal_cortex.o(.ARM.exidx.text.HAL_NVIC_GetPriorityGrouping), (8 bytes).
    Removing stm32f1xx_hal_cortex.o(.text.HAL_NVIC_GetPriority), (36 bytes).
    Removing stm32f1xx_hal_cortex.o(.ARM.exidx.text.HAL_NVIC_GetPriority), (8 bytes).
    Removing stm32f1xx_hal_cortex.o(.text.NVIC_DecodePriority), (118 bytes).
    Removing stm32f1xx_hal_cortex.o(.ARM.exidx.text.NVIC_DecodePriority), (8 bytes).
    Removing stm32f1xx_hal_cortex.o(.text.__NVIC_GetPriority), (66 bytes).
    Removing stm32f1xx_hal_cortex.o(.ARM.exidx.text.__NVIC_GetPriority), (8 bytes).
    Removing stm32f1xx_hal_cortex.o(.text.HAL_NVIC_SetPendingIRQ), (20 bytes).
    Removing stm32f1xx_hal_cortex.o(.ARM.exidx.text.HAL_NVIC_SetPendingIRQ), (8 bytes).
    Removing stm32f1xx_hal_cortex.o(.text.__NVIC_SetPendingIRQ), (48 bytes).
    Removing stm32f1xx_hal_cortex.o(.ARM.exidx.text.__NVIC_SetPendingIRQ), (8 bytes).
    Removing stm32f1xx_hal_cortex.o(.text.HAL_NVIC_GetPendingIRQ), (20 bytes).
    Removing stm32f1xx_hal_cortex.o(.ARM.exidx.text.HAL_NVIC_GetPendingIRQ), (8 bytes).
    Removing stm32f1xx_hal_cortex.o(.text.__NVIC_GetPendingIRQ), (64 bytes).
    Removing stm32f1xx_hal_cortex.o(.ARM.exidx.text.__NVIC_GetPendingIRQ), (8 bytes).
    Removing stm32f1xx_hal_cortex.o(.text.HAL_NVIC_ClearPendingIRQ), (20 bytes).
    Removing stm32f1xx_hal_cortex.o(.ARM.exidx.text.HAL_NVIC_ClearPendingIRQ), (8 bytes).
    Removing stm32f1xx_hal_cortex.o(.text.__NVIC_ClearPendingIRQ), (48 bytes).
    Removing stm32f1xx_hal_cortex.o(.ARM.exidx.text.__NVIC_ClearPendingIRQ), (8 bytes).
    Removing stm32f1xx_hal_cortex.o(.text.HAL_NVIC_GetActive), (20 bytes).
    Removing stm32f1xx_hal_cortex.o(.ARM.exidx.text.HAL_NVIC_GetActive), (8 bytes).
    Removing stm32f1xx_hal_cortex.o(.text.__NVIC_GetActive), (64 bytes).
    Removing stm32f1xx_hal_cortex.o(.ARM.exidx.text.__NVIC_GetActive), (8 bytes).
    Removing stm32f1xx_hal_cortex.o(.text.HAL_SYSTICK_CLKSourceConfig), (52 bytes).
    Removing stm32f1xx_hal_cortex.o(.ARM.exidx.text.HAL_SYSTICK_CLKSourceConfig), (8 bytes).
    Removing stm32f1xx_hal_cortex.o(.text.HAL_SYSTICK_IRQHandler), (8 bytes).
    Removing stm32f1xx_hal_cortex.o(.ARM.exidx.text.HAL_SYSTICK_IRQHandler), (8 bytes).
    Removing stm32f1xx_hal_cortex.o(.text.HAL_SYSTICK_Callback), (2 bytes).
    Removing stm32f1xx_hal_cortex.o(.ARM.exidx.text.HAL_SYSTICK_Callback), (8 bytes).
    Removing stm32f1xx_hal_pwr.o(.text), (0 bytes).
    Removing stm32f1xx_hal_pwr.o(.text.HAL_PWR_DeInit), (26 bytes).
    Removing stm32f1xx_hal_pwr.o(.ARM.exidx.text.HAL_PWR_DeInit), (8 bytes).
    Removing stm32f1xx_hal_pwr.o(.text.HAL_PWR_EnableBkUpAccess), (12 bytes).
    Removing stm32f1xx_hal_pwr.o(.ARM.exidx.text.HAL_PWR_EnableBkUpAccess), (8 bytes).
    Removing stm32f1xx_hal_pwr.o(.text.HAL_PWR_DisableBkUpAccess), (12 bytes).
    Removing stm32f1xx_hal_pwr.o(.ARM.exidx.text.HAL_PWR_DisableBkUpAccess), (8 bytes).
    Removing stm32f1xx_hal_pwr.o(.text.HAL_PWR_ConfigPVD), (210 bytes).
    Removing stm32f1xx_hal_pwr.o(.ARM.exidx.text.HAL_PWR_ConfigPVD), (8 bytes).
    Removing stm32f1xx_hal_pwr.o(.text.HAL_PWR_EnablePVD), (12 bytes).
    Removing stm32f1xx_hal_pwr.o(.ARM.exidx.text.HAL_PWR_EnablePVD), (8 bytes).
    Removing stm32f1xx_hal_pwr.o(.text.HAL_PWR_DisablePVD), (12 bytes).
    Removing stm32f1xx_hal_pwr.o(.ARM.exidx.text.HAL_PWR_DisablePVD), (8 bytes).
    Removing stm32f1xx_hal_pwr.o(.text.HAL_PWR_EnableWakeUpPin), (30 bytes).
    Removing stm32f1xx_hal_pwr.o(.ARM.exidx.text.HAL_PWR_EnableWakeUpPin), (8 bytes).
    Removing stm32f1xx_hal_pwr.o(.text.HAL_PWR_DisableWakeUpPin), (30 bytes).
    Removing stm32f1xx_hal_pwr.o(.ARM.exidx.text.HAL_PWR_DisableWakeUpPin), (8 bytes).
    Removing stm32f1xx_hal_pwr.o(.text.HAL_PWR_EnterSLEEPMode), (50 bytes).
    Removing stm32f1xx_hal_pwr.o(.ARM.exidx.text.HAL_PWR_EnterSLEEPMode), (8 bytes).
    Removing stm32f1xx_hal_pwr.o(.text.HAL_PWR_EnterSTOPMode), (100 bytes).
    Removing stm32f1xx_hal_pwr.o(.ARM.exidx.text.HAL_PWR_EnterSTOPMode), (8 bytes).
    Removing stm32f1xx_hal_pwr.o(.text.PWR_OverloadWfe), (6 bytes).
    Removing stm32f1xx_hal_pwr.o(.ARM.exidx.text.PWR_OverloadWfe), (8 bytes).
    Removing stm32f1xx_hal_pwr.o(.text.HAL_PWR_EnterSTANDBYMode), (36 bytes).
    Removing stm32f1xx_hal_pwr.o(.ARM.exidx.text.HAL_PWR_EnterSTANDBYMode), (8 bytes).
    Removing stm32f1xx_hal_pwr.o(.text.HAL_PWR_EnableSleepOnExit), (18 bytes).
    Removing stm32f1xx_hal_pwr.o(.ARM.exidx.text.HAL_PWR_EnableSleepOnExit), (8 bytes).
    Removing stm32f1xx_hal_pwr.o(.text.HAL_PWR_DisableSleepOnExit), (18 bytes).
    Removing stm32f1xx_hal_pwr.o(.ARM.exidx.text.HAL_PWR_DisableSleepOnExit), (8 bytes).
    Removing stm32f1xx_hal_pwr.o(.text.HAL_PWR_EnableSEVOnPend), (18 bytes).
    Removing stm32f1xx_hal_pwr.o(.ARM.exidx.text.HAL_PWR_EnableSEVOnPend), (8 bytes).
    Removing stm32f1xx_hal_pwr.o(.text.HAL_PWR_DisableSEVOnPend), (18 bytes).
    Removing stm32f1xx_hal_pwr.o(.ARM.exidx.text.HAL_PWR_DisableSEVOnPend), (8 bytes).
    Removing stm32f1xx_hal_pwr.o(.text.HAL_PWR_PVD_IRQHandler), (42 bytes).
    Removing stm32f1xx_hal_pwr.o(.ARM.exidx.text.HAL_PWR_PVD_IRQHandler), (8 bytes).
    Removing stm32f1xx_hal_pwr.o(.text.HAL_PWR_PVDCallback), (2 bytes).
    Removing stm32f1xx_hal_pwr.o(.ARM.exidx.text.HAL_PWR_PVDCallback), (8 bytes).
    Removing stm32f1xx_hal_flash.o(.text), (0 bytes).
    Removing stm32f1xx_hal_flash.o(.text.HAL_FLASH_Program), (300 bytes).
    Removing stm32f1xx_hal_flash.o(.ARM.exidx.text.HAL_FLASH_Program), (8 bytes).
    Removing stm32f1xx_hal_flash.o(.text.FLASH_WaitForLastOperation), (280 bytes).
    Removing stm32f1xx_hal_flash.o(.ARM.exidx.text.FLASH_WaitForLastOperation), (8 bytes).
    Removing stm32f1xx_hal_flash.o(.text.FLASH_Program_HalfWord), (48 bytes).
    Removing stm32f1xx_hal_flash.o(.ARM.exidx.text.FLASH_Program_HalfWord), (8 bytes).
    Removing stm32f1xx_hal_flash.o(.text.HAL_FLASH_Program_IT), (144 bytes).
    Removing stm32f1xx_hal_flash.o(.ARM.exidx.text.HAL_FLASH_Program_IT), (8 bytes).
    Removing stm32f1xx_hal_flash.o(.text.HAL_FLASH_IRQHandler), (622 bytes).
    Removing stm32f1xx_hal_flash.o(.ARM.exidx.text.HAL_FLASH_IRQHandler), (8 bytes).
    Removing stm32f1xx_hal_flash.o(.text.FLASH_SetErrorCode), (270 bytes).
    Removing stm32f1xx_hal_flash.o(.ARM.exidx.text.FLASH_SetErrorCode), (8 bytes).
    Removing stm32f1xx_hal_flash.o(.text.HAL_FLASH_OperationErrorCallback), (8 bytes).
    Removing stm32f1xx_hal_flash.o(.ARM.exidx.text.HAL_FLASH_OperationErrorCallback), (8 bytes).
    Removing stm32f1xx_hal_flash.o(.text.HAL_FLASH_EndOfOperationCallback), (8 bytes).
    Removing stm32f1xx_hal_flash.o(.ARM.exidx.text.HAL_FLASH_EndOfOperationCallback), (8 bytes).
    Removing stm32f1xx_hal_flash.o(.text.HAL_FLASH_Unlock), (90 bytes).
    Removing stm32f1xx_hal_flash.o(.ARM.exidx.text.HAL_FLASH_Unlock), (8 bytes).
    Removing stm32f1xx_hal_flash.o(.text.HAL_FLASH_Lock), (20 bytes).
    Removing stm32f1xx_hal_flash.o(.ARM.exidx.text.HAL_FLASH_Lock), (8 bytes).
    Removing stm32f1xx_hal_flash.o(.text.HAL_FLASH_OB_Unlock), (74 bytes).
    Removing stm32f1xx_hal_flash.o(.ARM.exidx.text.HAL_FLASH_OB_Unlock), (8 bytes).
    Removing stm32f1xx_hal_flash.o(.text.HAL_FLASH_OB_Lock), (20 bytes).
    Removing stm32f1xx_hal_flash.o(.ARM.exidx.text.HAL_FLASH_OB_Lock), (8 bytes).
    Removing stm32f1xx_hal_flash.o(.text.HAL_FLASH_OB_Launch), (8 bytes).
    Removing stm32f1xx_hal_flash.o(.ARM.exidx.text.HAL_FLASH_OB_Launch), (8 bytes).
    Removing stm32f1xx_hal_flash.o(.text.HAL_FLASH_GetError), (12 bytes).
    Removing stm32f1xx_hal_flash.o(.ARM.exidx.text.HAL_FLASH_GetError), (8 bytes).
    Removing stm32f1xx_hal_flash.o(.bss.pFlash), (32 bytes).
    Removing stm32f1xx_hal_flash_ex.o(.text), (0 bytes).
    Removing stm32f1xx_hal_flash_ex.o(.text.HAL_FLASHEx_Erase), (266 bytes).
    Removing stm32f1xx_hal_flash_ex.o(.ARM.exidx.text.HAL_FLASHEx_Erase), (8 bytes).
    Removing stm32f1xx_hal_flash_ex.o(.text.FLASH_MassErase), (44 bytes).
    Removing stm32f1xx_hal_flash_ex.o(.ARM.exidx.text.FLASH_MassErase), (8 bytes).
    Removing stm32f1xx_hal_flash_ex.o(.text.FLASH_PageErase), (56 bytes).
    Removing stm32f1xx_hal_flash_ex.o(.ARM.exidx.text.FLASH_PageErase), (8 bytes).
    Removing stm32f1xx_hal_flash_ex.o(.text.HAL_FLASHEx_Erase_IT), (134 bytes).
    Removing stm32f1xx_hal_flash_ex.o(.ARM.exidx.text.HAL_FLASHEx_Erase_IT), (8 bytes).
    Removing stm32f1xx_hal_flash_ex.o(.text.HAL_FLASHEx_OBErase), (136 bytes).
    Removing stm32f1xx_hal_flash_ex.o(.ARM.exidx.text.HAL_FLASHEx_OBErase), (8 bytes).
    Removing stm32f1xx_hal_flash_ex.o(.text.FLASH_OB_GetRDP), (52 bytes).
    Removing stm32f1xx_hal_flash_ex.o(.ARM.exidx.text.FLASH_OB_GetRDP), (8 bytes).
    Removing stm32f1xx_hal_flash_ex.o(.text.FLASH_OB_RDP_LevelConfig), (170 bytes).
    Removing stm32f1xx_hal_flash_ex.o(.ARM.exidx.text.FLASH_OB_RDP_LevelConfig), (8 bytes).
    Removing stm32f1xx_hal_flash_ex.o(.text.HAL_FLASHEx_OBProgram), (354 bytes).
    Removing stm32f1xx_hal_flash_ex.o(.ARM.exidx.text.HAL_FLASHEx_OBProgram), (8 bytes).
    Removing stm32f1xx_hal_flash_ex.o(.text.FLASH_OB_EnableWRP), (370 bytes).
    Removing stm32f1xx_hal_flash_ex.o(.ARM.exidx.text.FLASH_OB_EnableWRP), (8 bytes).
    Removing stm32f1xx_hal_flash_ex.o(.text.FLASH_OB_DisableWRP), (364 bytes).
    Removing stm32f1xx_hal_flash_ex.o(.ARM.exidx.text.FLASH_OB_DisableWRP), (8 bytes).
    Removing stm32f1xx_hal_flash_ex.o(.text.FLASH_OB_UserConfig), (114 bytes).
    Removing stm32f1xx_hal_flash_ex.o(.ARM.exidx.text.FLASH_OB_UserConfig), (8 bytes).
    Removing stm32f1xx_hal_flash_ex.o(.text.FLASH_OB_ProgramData), (106 bytes).
    Removing stm32f1xx_hal_flash_ex.o(.ARM.exidx.text.FLASH_OB_ProgramData), (8 bytes).
    Removing stm32f1xx_hal_flash_ex.o(.text.HAL_FLASHEx_OBGetConfig), (40 bytes).
    Removing stm32f1xx_hal_flash_ex.o(.ARM.exidx.text.HAL_FLASHEx_OBGetConfig), (8 bytes).
    Removing stm32f1xx_hal_flash_ex.o(.text.FLASH_OB_GetWRP), (12 bytes).
    Removing stm32f1xx_hal_flash_ex.o(.ARM.exidx.text.FLASH_OB_GetWRP), (8 bytes).
    Removing stm32f1xx_hal_flash_ex.o(.text.FLASH_OB_GetUser), (16 bytes).
    Removing stm32f1xx_hal_flash_ex.o(.ARM.exidx.text.FLASH_OB_GetUser), (8 bytes).
    Removing stm32f1xx_hal_flash_ex.o(.text.HAL_FLASHEx_OBGetUserData), (66 bytes).
    Removing stm32f1xx_hal_flash_ex.o(.ARM.exidx.text.HAL_FLASHEx_OBGetUserData), (8 bytes).
    Removing stm32f1xx_hal_exti.o(.text), (0 bytes).
    Removing stm32f1xx_hal_exti.o(.text.HAL_EXTI_SetConfigLine), (356 bytes).
    Removing stm32f1xx_hal_exti.o(.ARM.exidx.text.HAL_EXTI_SetConfigLine), (8 bytes).
    Removing stm32f1xx_hal_exti.o(.text.HAL_EXTI_GetConfigLine), (266 bytes).
    Removing stm32f1xx_hal_exti.o(.ARM.exidx.text.HAL_EXTI_GetConfigLine), (8 bytes).
    Removing stm32f1xx_hal_exti.o(.text.HAL_EXTI_ClearConfigLine), (194 bytes).
    Removing stm32f1xx_hal_exti.o(.ARM.exidx.text.HAL_EXTI_ClearConfigLine), (8 bytes).
    Removing stm32f1xx_hal_exti.o(.text.HAL_EXTI_RegisterCallback), (48 bytes).
    Removing stm32f1xx_hal_exti.o(.ARM.exidx.text.HAL_EXTI_RegisterCallback), (8 bytes).
    Removing stm32f1xx_hal_exti.o(.text.HAL_EXTI_GetHandle), (42 bytes).
    Removing stm32f1xx_hal_exti.o(.ARM.exidx.text.HAL_EXTI_GetHandle), (8 bytes).
    Removing stm32f1xx_hal_exti.o(.text.HAL_EXTI_IRQHandler), (76 bytes).
    Removing stm32f1xx_hal_exti.o(.ARM.exidx.text.HAL_EXTI_IRQHandler), (8 bytes).
    Removing stm32f1xx_hal_exti.o(.text.HAL_EXTI_GetPending), (50 bytes).
    Removing stm32f1xx_hal_exti.o(.ARM.exidx.text.HAL_EXTI_GetPending), (8 bytes).
    Removing stm32f1xx_hal_exti.o(.text.HAL_EXTI_ClearPending), (36 bytes).
    Removing stm32f1xx_hal_exti.o(.ARM.exidx.text.HAL_EXTI_ClearPending), (8 bytes).
    Removing stm32f1xx_hal_exti.o(.text.HAL_EXTI_GenerateSWI), (34 bytes).
    Removing stm32f1xx_hal_exti.o(.ARM.exidx.text.HAL_EXTI_GenerateSWI), (8 bytes).
    Removing system_stm32f1xx.o(.text), (0 bytes).
    Removing system_stm32f1xx.o(.ARM.exidx.text.SystemInit), (8 bytes).
    Removing system_stm32f1xx.o(.text.SystemCoreClockUpdate), (290 bytes).
    Removing system_stm32f1xx.o(.ARM.exidx.text.SystemCoreClockUpdate), (8 bytes).

630 unused section(s) (total 47746 bytes) removed from the image.

==============================================================================

Image Symbol Table

    Local Symbols

    Symbol Name                              Value     Ov Type        Size  Object(Section)

    ../clib/division.s                       0x00000000   Number         0  aeabi_sdiv.o ABSOLUTE
    ../clib/microlib/division.c              0x00000000   Number         0  ldiv.o ABSOLUTE
    ../clib/microlib/division.c              0x00000000   Number         0  uidiv.o ABSOLUTE
    ../clib/microlib/division.c              0x00000000   Number         0  uldiv.o ABSOLUTE
    ../clib/microlib/init/entry.s            0x00000000   Number         0  entry.o ABSOLUTE
    ../clib/microlib/init/entry.s            0x00000000   Number         0  entry2.o ABSOLUTE
    ../clib/microlib/init/entry.s            0x00000000   Number         0  entry5.o ABSOLUTE
    ../clib/microlib/init/entry.s            0x00000000   Number         0  entry7a.o ABSOLUTE
    ../clib/microlib/init/entry.s            0x00000000   Number         0  entry7b.o ABSOLUTE
    ../clib/microlib/init/entry.s            0x00000000   Number         0  entry8a.o ABSOLUTE
    ../clib/microlib/init/entry.s            0x00000000   Number         0  entry8b.o ABSOLUTE
    ../clib/microlib/init/entry.s            0x00000000   Number         0  entry9a.o ABSOLUTE
    ../clib/microlib/init/entry.s            0x00000000   Number         0  entry9b.o ABSOLUTE
    ../clib/microlib/init/entry.s            0x00000000   Number         0  entry10a.o ABSOLUTE
    ../clib/microlib/init/entry.s            0x00000000   Number         0  entry10b.o ABSOLUTE
    ../clib/microlib/init/entry.s            0x00000000   Number         0  entry11a.o ABSOLUTE
    ../clib/microlib/init/entry.s            0x00000000   Number         0  entry11b.o ABSOLUTE
    ../clib/microlib/longlong.c              0x00000000   Number         0  llshl.o ABSOLUTE
    ../clib/microlib/longlong.c              0x00000000   Number         0  llushr.o ABSOLUTE
    ../clib/microlib/longlong.c              0x00000000   Number         0  llsshr.o ABSOLUTE
    ../clib/microlib/printf/printf.c         0x00000000   Number         0  printfa.o ABSOLUTE
    ../clib/microlib/stdio/streams.c         0x00000000   Number         0  stdout.o ABSOLUTE
    ../clib/microlib/string/memset.c         0x00000000   Number         0  memseta.o ABSOLUTE
    ../clib/microlib/stubs.s                 0x00000000   Number         0  iusefp.o ABSOLUTE
    ../fplib/microlib/f2d.c                  0x00000000   Number         0  f2d.o ABSOLUTE
    ../fplib/microlib/fpadd.c                0x00000000   Number         0  dadd.o ABSOLUTE
    ../fplib/microlib/fpdiv.c                0x00000000   Number         0  fdiv.o ABSOLUTE
    ../fplib/microlib/fpdiv.c                0x00000000   Number         0  ddiv.o ABSOLUTE
    ../fplib/microlib/fpepilogue.c           0x00000000   Number         0  fepilogue.o ABSOLUTE
    ../fplib/microlib/fpepilogue.c           0x00000000   Number         0  depilogue.o ABSOLUTE
    ../fplib/microlib/fpfix.c                0x00000000   Number         0  ffixi.o ABSOLUTE
    ../fplib/microlib/fpfix.c                0x00000000   Number         0  dfixul.o ABSOLUTE
    ../fplib/microlib/fpflt.c                0x00000000   Number         0  fflti.o ABSOLUTE
    ../fplib/microlib/fpflt.c                0x00000000   Number         0  ffltl.o ABSOLUTE
    ../fplib/microlib/fpmul.c                0x00000000   Number         0  fmul.o ABSOLUTE
    ../fplib/microlib/fpmul.c                0x00000000   Number         0  dmul.o ABSOLUTE
    bme280.c                                 0x00000000   Number         0  bme280.o ABSOLUTE
    cdrcmple.s                               0x00000000   Number         0  cdrcmple.o ABSOLUTE
    dc.s                                     0x00000000   Number         0  dc.o ABSOLUTE
    gpio.c                                   0x00000000   Number         0  gpio.o ABSOLUTE
    handlers.s                               0x00000000   Number         0  handlers.o ABSOLUTE
    i2c.c                                    0x00000000   Number         0  i2c.o ABSOLUTE
    init.s                                   0x00000000   Number         0  init.o ABSOLUTE
    main.c                                   0x00000000   Number         0  main.o ABSOLUTE
    oled.c                                   0x00000000   Number         0  oled.o ABSOLUTE
    startup_stm32f103xb.s                    0x00000000   Number         0  startup_stm32f103xb.o ABSOLUTE
    stm32f1xx_hal.c                          0x00000000   Number         0  stm32f1xx_hal.o ABSOLUTE
    stm32f1xx_hal_cortex.c                   0x00000000   Number         0  stm32f1xx_hal_cortex.o ABSOLUTE
    stm32f1xx_hal_dma.c                      0x00000000   Number         0  stm32f1xx_hal_dma.o ABSOLUTE
    stm32f1xx_hal_exti.c                     0x00000000   Number         0  stm32f1xx_hal_exti.o ABSOLUTE
    stm32f1xx_hal_flash.c                    0x00000000   Number         0  stm32f1xx_hal_flash.o ABSOLUTE
    stm32f1xx_hal_flash_ex.c                 0x00000000   Number         0  stm32f1xx_hal_flash_ex.o ABSOLUTE
    stm32f1xx_hal_gpio.c                     0x00000000   Number         0  stm32f1xx_hal_gpio.o ABSOLUTE
    stm32f1xx_hal_gpio_ex.c                  0x00000000   Number         0  stm32f1xx_hal_gpio_ex.o ABSOLUTE
    stm32f1xx_hal_i2c.c                      0x00000000   Number         0  stm32f1xx_hal_i2c.o ABSOLUTE
    stm32f1xx_hal_msp.c                      0x00000000   Number         0  stm32f1xx_hal_msp.o ABSOLUTE
    stm32f1xx_hal_pwr.c                      0x00000000   Number         0  stm32f1xx_hal_pwr.o ABSOLUTE
    stm32f1xx_hal_rcc.c                      0x00000000   Number         0  stm32f1xx_hal_rcc.o ABSOLUTE
    stm32f1xx_hal_rcc_ex.c                   0x00000000   Number         0  stm32f1xx_hal_rcc_ex.o ABSOLUTE
    stm32f1xx_hal_uart.c                     0x00000000   Number         0  stm32f1xx_hal_uart.o ABSOLUTE
    stm32f1xx_it.c                           0x00000000   Number         0  stm32f1xx_it.o ABSOLUTE
    system_stm32f1xx.c                       0x00000000   Number         0  system_stm32f1xx.o ABSOLUTE
    usart.c                                  0x00000000   Number         0  usart.o ABSOLUTE
    RESET                                    0x08000000   Section      236  startup_stm32f103xb.o(RESET)
    .ARM.Collect$$$$00000000                 0x080000ec   Section        0  entry.o(.ARM.Collect$$$$00000000)
    .ARM.Collect$$$$00000001                 0x080000ec   Section        4  entry2.o(.ARM.Collect$$$$00000001)
    .ARM.Collect$$$$00000004                 0x080000f0   Section        4  entry5.o(.ARM.Collect$$$$00000004)
    .ARM.Collect$$$$00000008                 0x080000f4   Section        0  entry7b.o(.ARM.Collect$$$$00000008)
    .ARM.Collect$$$$0000000A                 0x080000f4   Section        0  entry8b.o(.ARM.Collect$$$$0000000A)
    .ARM.Collect$$$$0000000B                 0x080000f4   Section        8  entry9a.o(.ARM.Collect$$$$0000000B)
    __lit__00000000                          0x080000fc   Data           4  entry2.o(.ARM.Collect$$$$00002712)
    .ARM.Collect$$$$0000000D                 0x080000fc   Section        0  entry10a.o(.ARM.Collect$$$$0000000D)
    .ARM.Collect$$$$0000000F                 0x080000fc   Section        0  entry11a.o(.ARM.Collect$$$$0000000F)
    .ARM.Collect$$$$00002712                 0x080000fc   Section        4  entry2.o(.ARM.Collect$$$$00002712)
    .text                                    0x08000100   Section       36  startup_stm32f103xb.o(.text)
    .text                                    0x08000124   Section        0  ldiv.o(.text)
    .text                                    0x08000186   Section        0  memseta.o(.text)
    .text                                    0x080001aa   Section        0  fmul.o(.text)
    .text                                    0x0800020e   Section        0  fdiv.o(.text)
    .text                                    0x0800028a   Section        0  fflti.o(.text)
    .text                                    0x0800029c   Section        0  ffltl.o(.text)
    .text                                    0x080002c8   Section        0  ffixi.o(.text)
    .text                                    0x080002fa   Section        0  f2d.o(.text)
    .text                                    0x08000320   Section        0  uidiv.o(.text)
    .text                                    0x0800034c   Section        0  uldiv.o(.text)
    .text                                    0x080003ae   Section        0  iusefp.o(.text)
    .text                                    0x080003ae   Section        0  fepilogue.o(.text)
    .text                                    0x0800041c   Section        0  dadd.o(.text)
    .text                                    0x0800056a   Section        0  dmul.o(.text)
    .text                                    0x0800064e   Section        0  ddiv.o(.text)
    .text                                    0x0800072c   Section        0  dfixul.o(.text)
    .text                                    0x0800075c   Section       48  cdrcmple.o(.text)
    .text                                    0x0800078c   Section       36  init.o(.text)
    .text                                    0x080007b0   Section        0  llshl.o(.text)
    .text                                    0x080007ce   Section        0  llushr.o(.text)
    .text                                    0x080007ee   Section        0  llsshr.o(.text)
    .text                                    0x08000812   Section        0  depilogue.o(.text)
    [Anonymous Symbol]                       0x080008cc   Section        0  bme280.o(.text.BME280_ForceMeasure)
    [Anonymous Symbol]                       0x080008e0   Section        0  bme280.o(.text.BME280_Init)
    [Anonymous Symbol]                       0x08000968   Section        0  bme280.o(.text.BME280_ReadAll)
    [Anonymous Symbol]                       0x08000d18   Section        0  bme280.o(.text.BME280_ReadID)
    [Anonymous Symbol]                       0x08000d50   Section        0  bme280.o(.text.BME280_Reset)
    [Anonymous Symbol]                       0x08000d6c   Section        0  stm32f1xx_it.o(.text.BusFault_Handler)
    [Anonymous Symbol]                       0x08000d70   Section        0  stm32f1xx_it.o(.text.DebugMon_Handler)
    [Anonymous Symbol]                       0x08000d74   Section        0  main.o(.text.Error_Handler)
    [Anonymous Symbol]                       0x08000d84   Section        0  stm32f1xx_hal.o(.text.HAL_Delay)
    [Anonymous Symbol]                       0x08000dc8   Section        0  stm32f1xx_hal_gpio.o(.text.HAL_GPIO_Init)
    [Anonymous Symbol]                       0x080010e8   Section        0  stm32f1xx_hal.o(.text.HAL_GetTick)
    [Anonymous Symbol]                       0x080010f4   Section        0  stm32f1xx_hal_i2c.o(.text.HAL_I2C_Init)
    [Anonymous Symbol]                       0x08001398   Section        0  stm32f1xx_hal_i2c.o(.text.HAL_I2C_Master_Transmit)
    [Anonymous Symbol]                       0x080015a0   Section        0  stm32f1xx_hal_i2c.o(.text.HAL_I2C_Mem_Read)
    [Anonymous Symbol]                       0x08001a80   Section        0  stm32f1xx_hal_i2c.o(.text.HAL_I2C_Mem_Write)
    [Anonymous Symbol]                       0x08001c90   Section        0  i2c.o(.text.HAL_I2C_MspInit)
    [Anonymous Symbol]                       0x08001d10   Section        0  stm32f1xx_hal.o(.text.HAL_IncTick)
    [Anonymous Symbol]                       0x08001d2c   Section        0  stm32f1xx_hal.o(.text.HAL_Init)
    [Anonymous Symbol]                       0x08001d54   Section        0  stm32f1xx_hal.o(.text.HAL_InitTick)
    [Anonymous Symbol]                       0x08001dc4   Section        0  stm32f1xx_hal_msp.o(.text.HAL_MspInit)
    [Anonymous Symbol]                       0x08001e28   Section        0  stm32f1xx_hal_cortex.o(.text.HAL_NVIC_SetPriority)
    [Anonymous Symbol]                       0x08001e5c   Section        0  stm32f1xx_hal_cortex.o(.text.HAL_NVIC_SetPriorityGrouping)
    [Anonymous Symbol]                       0x08001e6c   Section        0  stm32f1xx_hal_rcc.o(.text.HAL_RCC_ClockConfig)
    [Anonymous Symbol]                       0x080020c4   Section        0  stm32f1xx_hal_rcc.o(.text.HAL_RCC_GetHCLKFreq)
    [Anonymous Symbol]                       0x080020d0   Section        0  stm32f1xx_hal_rcc.o(.text.HAL_RCC_GetPCLK1Freq)
    [Anonymous Symbol]                       0x080020f4   Section        0  stm32f1xx_hal_rcc.o(.text.HAL_RCC_GetPCLK2Freq)
    [Anonymous Symbol]                       0x08002118   Section        0  stm32f1xx_hal_rcc.o(.text.HAL_RCC_GetSysClockFreq)
    [Anonymous Symbol]                       0x080021d4   Section        0  stm32f1xx_hal_rcc.o(.text.HAL_RCC_OscConfig)
    [Anonymous Symbol]                       0x08002850   Section        0  stm32f1xx_hal_cortex.o(.text.HAL_SYSTICK_Config)
    [Anonymous Symbol]                       0x08002860   Section        0  stm32f1xx_hal_uart.o(.text.HAL_UART_Init)
    [Anonymous Symbol]                       0x08002900   Section        0  usart.o(.text.HAL_UART_MspInit)
    [Anonymous Symbol]                       0x08002998   Section        0  stm32f1xx_hal_uart.o(.text.HAL_UART_Transmit)
    [Anonymous Symbol]                       0x08002ac8   Section        0  stm32f1xx_it.o(.text.HardFault_Handler)
    I2C_IsAcknowledgeFailed                  0x08002acd   Thumb Code   100  stm32f1xx_hal_i2c.o(.text.I2C_IsAcknowledgeFailed)
    [Anonymous Symbol]                       0x08002acc   Section        0  stm32f1xx_hal_i2c.o(.text.I2C_IsAcknowledgeFailed)
    I2C_MasterRequestWrite                   0x08002b31   Thumb Code   274  stm32f1xx_hal_i2c.o(.text.I2C_MasterRequestWrite)
    [Anonymous Symbol]                       0x08002b30   Section        0  stm32f1xx_hal_i2c.o(.text.I2C_MasterRequestWrite)
    I2C_RequestMemoryRead                    0x08002c45   Thumb Code   482  stm32f1xx_hal_i2c.o(.text.I2C_RequestMemoryRead)
    [Anonymous Symbol]                       0x08002c44   Section        0  stm32f1xx_hal_i2c.o(.text.I2C_RequestMemoryRead)
    I2C_RequestMemoryWrite                   0x08002e29   Thumb Code   314  stm32f1xx_hal_i2c.o(.text.I2C_RequestMemoryWrite)
    [Anonymous Symbol]                       0x08002e28   Section        0  stm32f1xx_hal_i2c.o(.text.I2C_RequestMemoryWrite)
    I2C_WaitOnBTFFlagUntilTimeout            0x08002f65   Thumb Code   172  stm32f1xx_hal_i2c.o(.text.I2C_WaitOnBTFFlagUntilTimeout)
    [Anonymous Symbol]                       0x08002f64   Section        0  stm32f1xx_hal_i2c.o(.text.I2C_WaitOnBTFFlagUntilTimeout)
    I2C_WaitOnFlagUntilTimeout               0x08003011   Thumb Code   264  stm32f1xx_hal_i2c.o(.text.I2C_WaitOnFlagUntilTimeout)
    [Anonymous Symbol]                       0x08003010   Section        0  stm32f1xx_hal_i2c.o(.text.I2C_WaitOnFlagUntilTimeout)
    I2C_WaitOnMasterAddressFlagUntilTimeout  0x08003119   Thumb Code   340  stm32f1xx_hal_i2c.o(.text.I2C_WaitOnMasterAddressFlagUntilTimeout)
    [Anonymous Symbol]                       0x08003118   Section        0  stm32f1xx_hal_i2c.o(.text.I2C_WaitOnMasterAddressFlagUntilTimeout)
    I2C_WaitOnRXNEFlagUntilTimeout           0x0800326d   Thumb Code   220  stm32f1xx_hal_i2c.o(.text.I2C_WaitOnRXNEFlagUntilTimeout)
    [Anonymous Symbol]                       0x0800326c   Section        0  stm32f1xx_hal_i2c.o(.text.I2C_WaitOnRXNEFlagUntilTimeout)
    I2C_WaitOnTXEFlagUntilTimeout            0x08003349   Thumb Code   168  stm32f1xx_hal_i2c.o(.text.I2C_WaitOnTXEFlagUntilTimeout)
    [Anonymous Symbol]                       0x08003348   Section        0  stm32f1xx_hal_i2c.o(.text.I2C_WaitOnTXEFlagUntilTimeout)
    [Anonymous Symbol]                       0x080033f0   Section        0  gpio.o(.text.MX_GPIO_Init)
    [Anonymous Symbol]                       0x08003434   Section        0  i2c.o(.text.MX_I2C1_Init)
    [Anonymous Symbol]                       0x0800347c   Section        0  usart.o(.text.MX_USART1_UART_Init)
    [Anonymous Symbol]                       0x080034bc   Section        0  stm32f1xx_it.o(.text.MemManage_Handler)
    [Anonymous Symbol]                       0x080034c0   Section        0  stm32f1xx_it.o(.text.NMI_Handler)
    NVIC_EncodePriority                      0x080034c5   Thumb Code   108  stm32f1xx_hal_cortex.o(.text.NVIC_EncodePriority)
    [Anonymous Symbol]                       0x080034c4   Section        0  stm32f1xx_hal_cortex.o(.text.NVIC_EncodePriority)
    [Anonymous Symbol]                       0x08003530   Section        0  oled.o(.text.OLED_Clear)
    [Anonymous Symbol]                       0x0800356c   Section        0  oled.o(.text.OLED_DrawChar)
    [Anonymous Symbol]                       0x0800362c   Section        0  oled.o(.text.OLED_Init)
    [Anonymous Symbol]                       0x080036e0   Section        0  oled.o(.text.OLED_Print)
    [Anonymous Symbol]                       0x0800373c   Section        0  oled.o(.text.OLED_SetPixel)
    [Anonymous Symbol]                       0x080037c4   Section        0  oled.o(.text.OLED_Update)
    OLED_WriteCmd                            0x08003841   Thumb Code    54  oled.o(.text.OLED_WriteCmd)
    [Anonymous Symbol]                       0x08003840   Section        0  oled.o(.text.OLED_WriteCmd)
    OLED_WriteData                           0x08003879   Thumb Code    54  oled.o(.text.OLED_WriteData)
    [Anonymous Symbol]                       0x08003878   Section        0  oled.o(.text.OLED_WriteData)
    [Anonymous Symbol]                       0x080038b0   Section        0  stm32f1xx_it.o(.text.PendSV_Handler)
    RCC_Delay                                0x080038b5   Thumb Code    58  stm32f1xx_hal_rcc.o(.text.RCC_Delay)
    [Anonymous Symbol]                       0x080038b4   Section        0  stm32f1xx_hal_rcc.o(.text.RCC_Delay)
    [Anonymous Symbol]                       0x080038f0   Section        0  stm32f1xx_it.o(.text.SVC_Handler)
    SysTick_Config                           0x080038f5   Thumb Code    82  stm32f1xx_hal_cortex.o(.text.SysTick_Config)
    [Anonymous Symbol]                       0x080038f4   Section        0  stm32f1xx_hal_cortex.o(.text.SysTick_Config)
    [Anonymous Symbol]                       0x08003948   Section        0  stm32f1xx_it.o(.text.SysTick_Handler)
    [Anonymous Symbol]                       0x08003950   Section        0  main.o(.text.SystemClock_Config)
    [Anonymous Symbol]                       0x080039ac   Section        0  system_stm32f1xx.o(.text.SystemInit)
    UART_EndRxTransfer                       0x080039b1   Thumb Code   148  stm32f1xx_hal_uart.o(.text.UART_EndRxTransfer)
    [Anonymous Symbol]                       0x080039b0   Section        0  stm32f1xx_hal_uart.o(.text.UART_EndRxTransfer)
    UART_SetConfig                           0x08003a45   Thumb Code   186  stm32f1xx_hal_uart.o(.text.UART_SetConfig)
    [Anonymous Symbol]                       0x08003a44   Section        0  stm32f1xx_hal_uart.o(.text.UART_SetConfig)
    UART_WaitOnFlagUntilTimeout              0x08003b01   Thumb Code   218  stm32f1xx_hal_uart.o(.text.UART_WaitOnFlagUntilTimeout)
    [Anonymous Symbol]                       0x08003b00   Section        0  stm32f1xx_hal_uart.o(.text.UART_WaitOnFlagUntilTimeout)
    [Anonymous Symbol]                       0x08003bdc   Section        0  stm32f1xx_it.o(.text.UsageFault_Handler)
    __NVIC_GetPriorityGrouping               0x08003be1   Thumb Code    16  stm32f1xx_hal_cortex.o(.text.__NVIC_GetPriorityGrouping)
    [Anonymous Symbol]                       0x08003be0   Section        0  stm32f1xx_hal_cortex.o(.text.__NVIC_GetPriorityGrouping)
    __NVIC_SetPriority                       0x08003bf1   Thumb Code    66  stm32f1xx_hal_cortex.o(.text.__NVIC_SetPriority)
    [Anonymous Symbol]                       0x08003bf0   Section        0  stm32f1xx_hal_cortex.o(.text.__NVIC_SetPriority)
    __NVIC_SetPriorityGrouping               0x08003c35   Thumb Code    60  stm32f1xx_hal_cortex.o(.text.__NVIC_SetPriorityGrouping)
    [Anonymous Symbol]                       0x08003c34   Section        0  stm32f1xx_hal_cortex.o(.text.__NVIC_SetPriorityGrouping)
    [Anonymous Symbol]                       0x08003c70   Section        0  main.o(.text.fputc)
    [Anonymous Symbol]                       0x08003c90   Section        0  main.o(.text.main)
    read_calibration                         0x08003f85   Thumb Code   328  bme280.o(.text.read_calibration)
    [Anonymous Symbol]                       0x08003f84   Section        0  bme280.o(.text.read_calibration)
    read_regs                                0x080040cd   Thumb Code    56  bme280.o(.text.read_regs)
    [Anonymous Symbol]                       0x080040cc   Section        0  bme280.o(.text.read_regs)
    write_reg                                0x08004105   Thumb Code    52  bme280.o(.text.write_reg)
    [Anonymous Symbol]                       0x08004104   Section        0  bme280.o(.text.write_reg)
    i.__0printf                              0x08004138   Section        0  printfa.o(i.__0printf)
    i.__0sprintf                             0x08004158   Section        0  printfa.o(i.__0sprintf)
    i.__scatterload_copy                     0x08004180   Section       14  handlers.o(i.__scatterload_copy)
    i.__scatterload_null                     0x0800418e   Section        2  handlers.o(i.__scatterload_null)
    i.__scatterload_zeroinit                 0x08004190   Section       14  handlers.o(i.__scatterload_zeroinit)
    _fp_digits                               0x080041a1   Thumb Code   366  printfa.o(i._fp_digits)
    i._fp_digits                             0x080041a0   Section        0  printfa.o(i._fp_digits)
    _printf_core                             0x08004325   Thumb Code  1744  printfa.o(i._printf_core)
    i._printf_core                           0x08004324   Section        0  printfa.o(i._printf_core)
    _printf_post_padding                     0x08004a01   Thumb Code    36  printfa.o(i._printf_post_padding)
    i._printf_post_padding                   0x08004a00   Section        0  printfa.o(i._printf_post_padding)
    _printf_pre_padding                      0x08004a25   Thumb Code    46  printfa.o(i._printf_pre_padding)
    i._printf_pre_padding                    0x08004a24   Section        0  printfa.o(i._printf_pre_padding)
    _sputc                                   0x08004a53   Thumb Code    10  printfa.o(i._sputc)
    i._sputc                                 0x08004a52   Section        0  printfa.o(i._sputc)
    Font5x7                                  0x08004a74   Data         475  oled.o(.rodata.Font5x7)
    [Anonymous Symbol]                       0x08004a74   Section        0  oled.o(.rodata.Font5x7)
    HAL_RCC_GetSysClockFreq.aPLLMULFactorTable 0x08004c4f   Data          16  stm32f1xx_hal_rcc.o(.rodata.HAL_RCC_GetSysClockFreq.aPLLMULFactorTable)
    [Anonymous Symbol]                       0x08004c4f   Section        0  stm32f1xx_hal_rcc.o(.rodata.HAL_RCC_GetSysClockFreq.aPLLMULFactorTable)
    HAL_RCC_GetSysClockFreq.aPredivFactorTable 0x08004c5f   Data           2  stm32f1xx_hal_rcc.o(.rodata.HAL_RCC_GetSysClockFreq.aPredivFactorTable)
    [Anonymous Symbol]                       0x08004c5f   Section        0  stm32f1xx_hal_rcc.o(.rodata.HAL_RCC_GetSysClockFreq.aPredivFactorTable)
    .L.str.10                                0x08004c61   Data          32  main.o(.rodata.str1.1)
    [Anonymous Symbol]                       0x08004c61   Section        0  main.o(.rodata.str1.1)
    .L.str.7                                 0x08004c81   Data          51  main.o(.rodata.str1.1)
    .L.str                                   0x08004cb4   Data          56  main.o(.rodata.str1.1)
    .L.str.14                                0x08004cec   Data          51  main.o(.rodata.str1.1)
    .L.str.4                                 0x08004d1f   Data          49  main.o(.rodata.str1.1)
    .L.str.3                                 0x08004d50   Data          28  main.o(.rodata.str1.1)
    .L.str.12                                0x08004d6c   Data           7  main.o(.rodata.str1.1)
    .L.str.11                                0x08004d73   Data           7  main.o(.rodata.str1.1)
    .L.str.13                                0x08004d7a   Data           7  main.o(.rodata.str1.1)
    .L.str.8                                 0x08004d81   Data          13  main.o(.rodata.str1.1)
    .L.str.5                                 0x08004d8e   Data          10  main.o(.rodata.str1.1)
    .L.str.16                                0x08004d98   Data           8  main.o(.rodata.str1.1)
    .L.str.2                                 0x08004da0   Data           8  main.o(.rodata.str1.1)
    .L.str.15                                0x08004da8   Data           8  main.o(.rodata.str1.1)
    .L.str.1                                 0x08004db0   Data          14  main.o(.rodata.str1.1)
    .L.str.17                                0x08004dbe   Data           9  main.o(.rodata.str1.1)
    .L.str.6                                 0x08004dc7   Data          13  main.o(.rodata.str1.1)
    .L.str.9                                 0x08004dd4   Data          12  main.o(.rodata.str1.1)
    .data                                    0x20000000   Section        4  stdout.o(.data)
    calib                                    0x20000410   Data          36  bme280.o(.bss.calib)
    [Anonymous Symbol]                       0x20000410   Section        0  bme280.o(.bss.calib)
    oled_i2c                                 0x200004d0   Data           4  oled.o(.bss.oled_i2c)
    [Anonymous Symbol]                       0x200004d0   Section        0  oled.o(.bss.oled_i2c)
    oled_line                                0x200004d4   Data          32  main.o(.bss.oled_line)
    [Anonymous Symbol]                       0x200004d4   Section        0  main.o(.bss.oled_line)
    t_fine                                   0x200004f4   Data           4  bme280.o(.bss.t_fine)
    [Anonymous Symbol]                       0x200004f4   Section        0  bme280.o(.bss.t_fine)
    STACK                                    0x20000500   Section     1024  startup_stm32f103xb.o(STACK)

    Global Symbols

    Symbol Name                              Value     Ov Type        Size  Object(Section)

    BuildAttributes$$THM_ISAv4$P$D$K$B$S$PE$A:L22UL41UL21$X:L11$S22US41US21$IEEE1$IW$~IW$USESV6$~STKCKD$USESV7$~SHL$OTIME$ROPI$EBA8$MICROLIB$REQ8$PRES8$EABIv2 0x00000000   Number         0  anon$$obj.o ABSOLUTE
    __cpp_initialize__aeabi_                  - Undefined Weak Reference
    __cxa_finalize                            - Undefined Weak Reference
    __decompress                              - Undefined Weak Reference
    _clock_init                               - Undefined Weak Reference
    _microlib_exit                            - Undefined Weak Reference
    __Vectors_Size                           0x000000ec   Number         0  startup_stm32f103xb.o ABSOLUTE
    __Vectors                                0x08000000   Data           4  startup_stm32f103xb.o(RESET)
    __Vectors_End                            0x080000ec   Data           0  startup_stm32f103xb.o(RESET)
    __main                                   0x080000ed   Thumb Code     0  entry.o(.ARM.Collect$$$$00000000)
    _main_stk                                0x080000ed   Thumb Code     0  entry2.o(.ARM.Collect$$$$00000001)
    _main_scatterload                        0x080000f1   Thumb Code     0  entry5.o(.ARM.Collect$$$$00000004)
    __main_after_scatterload                 0x080000f5   Thumb Code     0  entry5.o(.ARM.Collect$$$$00000004)
    _main_clock                              0x080000f5   Thumb Code     0  entry7b.o(.ARM.Collect$$$$00000008)
    _main_cpp_init                           0x080000f5   Thumb Code     0  entry8b.o(.ARM.Collect$$$$0000000A)
    _main_init                               0x080000f5   Thumb Code     0  entry9a.o(.ARM.Collect$$$$0000000B)
    __rt_final_cpp                           0x080000fd   Thumb Code     0  entry10a.o(.ARM.Collect$$$$0000000D)
    __rt_final_exit                          0x080000fd   Thumb Code     0  entry11a.o(.ARM.Collect$$$$0000000F)
    Reset_Handler                            0x08000101   Thumb Code     8  startup_stm32f103xb.o(.text)
    ADC1_2_IRQHandler                        0x0800011b   Thumb Code     0  startup_stm32f103xb.o(.text)
    CAN1_RX1_IRQHandler                      0x0800011b   Thumb Code     0  startup_stm32f103xb.o(.text)
    CAN1_SCE_IRQHandler                      0x0800011b   Thumb Code     0  startup_stm32f103xb.o(.text)
    DMA1_Channel1_IRQHandler                 0x0800011b   Thumb Code     0  startup_stm32f103xb.o(.text)
    DMA1_Channel2_IRQHandler                 0x0800011b   Thumb Code     0  startup_stm32f103xb.o(.text)
    DMA1_Channel3_IRQHandler                 0x0800011b   Thumb Code     0  startup_stm32f103xb.o(.text)
    DMA1_Channel4_IRQHandler                 0x0800011b   Thumb Code     0  startup_stm32f103xb.o(.text)
    DMA1_Channel5_IRQHandler                 0x0800011b   Thumb Code     0  startup_stm32f103xb.o(.text)
    DMA1_Channel6_IRQHandler                 0x0800011b   Thumb Code     0  startup_stm32f103xb.o(.text)
    DMA1_Channel7_IRQHandler                 0x0800011b   Thumb Code     0  startup_stm32f103xb.o(.text)
    EXTI0_IRQHandler                         0x0800011b   Thumb Code     0  startup_stm32f103xb.o(.text)
    EXTI15_10_IRQHandler                     0x0800011b   Thumb Code     0  startup_stm32f103xb.o(.text)
    EXTI1_IRQHandler                         0x0800011b   Thumb Code     0  startup_stm32f103xb.o(.text)
    EXTI2_IRQHandler                         0x0800011b   Thumb Code     0  startup_stm32f103xb.o(.text)
    EXTI3_IRQHandler                         0x0800011b   Thumb Code     0  startup_stm32f103xb.o(.text)
    EXTI4_IRQHandler                         0x0800011b   Thumb Code     0  startup_stm32f103xb.o(.text)
    EXTI9_5_IRQHandler                       0x0800011b   Thumb Code     0  startup_stm32f103xb.o(.text)
    FLASH_IRQHandler                         0x0800011b   Thumb Code     0  startup_stm32f103xb.o(.text)
    I2C1_ER_IRQHandler                       0x0800011b   Thumb Code     0  startup_stm32f103xb.o(.text)
    I2C1_EV_IRQHandler                       0x0800011b   Thumb Code     0  startup_stm32f103xb.o(.text)
    I2C2_ER_IRQHandler                       0x0800011b   Thumb Code     0  startup_stm32f103xb.o(.text)
    I2C2_EV_IRQHandler                       0x0800011b   Thumb Code     0  startup_stm32f103xb.o(.text)
    PVD_IRQHandler                           0x0800011b   Thumb Code     0  startup_stm32f103xb.o(.text)
    RCC_IRQHandler                           0x0800011b   Thumb Code     0  startup_stm32f103xb.o(.text)
    RTC_Alarm_IRQHandler                     0x0800011b   Thumb Code     0  startup_stm32f103xb.o(.text)
    RTC_IRQHandler                           0x0800011b   Thumb Code     0  startup_stm32f103xb.o(.text)
    SPI1_IRQHandler                          0x0800011b   Thumb Code     0  startup_stm32f103xb.o(.text)
    SPI2_IRQHandler                          0x0800011b   Thumb Code     0  startup_stm32f103xb.o(.text)
    TAMPER_IRQHandler                        0x0800011b   Thumb Code     0  startup_stm32f103xb.o(.text)
    TIM1_BRK_IRQHandler                      0x0800011b   Thumb Code     0  startup_stm32f103xb.o(.text)
    TIM1_CC_IRQHandler                       0x0800011b   Thumb Code     0  startup_stm32f103xb.o(.text)
    TIM1_TRG_COM_IRQHandler                  0x0800011b   Thumb Code     0  startup_stm32f103xb.o(.text)
    TIM1_UP_IRQHandler                       0x0800011b   Thumb Code     0  startup_stm32f103xb.o(.text)
    TIM2_IRQHandler                          0x0800011b   Thumb Code     0  startup_stm32f103xb.o(.text)
    TIM3_IRQHandler                          0x0800011b   Thumb Code     0  startup_stm32f103xb.o(.text)
    TIM4_IRQHandler                          0x0800011b   Thumb Code     0  startup_stm32f103xb.o(.text)
    USART1_IRQHandler                        0x0800011b   Thumb Code     0  startup_stm32f103xb.o(.text)
    USART2_IRQHandler                        0x0800011b   Thumb Code     0  startup_stm32f103xb.o(.text)
    USART3_IRQHandler                        0x0800011b   Thumb Code     0  startup_stm32f103xb.o(.text)
    USBWakeUp_IRQHandler                     0x0800011b   Thumb Code     0  startup_stm32f103xb.o(.text)
    USB_HP_CAN1_TX_IRQHandler                0x0800011b   Thumb Code     0  startup_stm32f103xb.o(.text)
    USB_LP_CAN1_RX0_IRQHandler               0x0800011b   Thumb Code     0  startup_stm32f103xb.o(.text)
    WWDG_IRQHandler                          0x0800011b   Thumb Code     0  startup_stm32f103xb.o(.text)
    __aeabi_ldivmod                          0x08000125   Thumb Code    98  ldiv.o(.text)
    __aeabi_memset                           0x08000187   Thumb Code    14  memseta.o(.text)
    __aeabi_memset4                          0x08000187   Thumb Code     0  memseta.o(.text)
    __aeabi_memset8                          0x08000187   Thumb Code     0  memseta.o(.text)
    __aeabi_memclr                           0x08000195   Thumb Code     4  memseta.o(.text)
    __aeabi_memclr4                          0x08000195   Thumb Code     0  memseta.o(.text)
    __aeabi_memclr8                          0x08000195   Thumb Code     0  memseta.o(.text)
    _memset$wrapper                          0x08000199   Thumb Code    18  memseta.o(.text)
    __aeabi_fmul                             0x080001ab   Thumb Code   100  fmul.o(.text)
    __aeabi_fdiv                             0x0800020f   Thumb Code   124  fdiv.o(.text)
    __aeabi_i2f                              0x0800028b   Thumb Code    18  fflti.o(.text)
    __aeabi_l2f                              0x0800029d   Thumb Code    44  ffltl.o(.text)
    __aeabi_f2iz                             0x080002c9   Thumb Code    50  ffixi.o(.text)
    __aeabi_f2d                              0x080002fb   Thumb Code    38  f2d.o(.text)
    __aeabi_uidiv                            0x08000321   Thumb Code     0  uidiv.o(.text)
    __aeabi_uidivmod                         0x08000321   Thumb Code    44  uidiv.o(.text)
    __aeabi_uldivmod                         0x0800034d   Thumb Code    98  uldiv.o(.text)
    __I$use$fp                               0x080003af   Thumb Code     0  iusefp.o(.text)
    _float_round                             0x080003af   Thumb Code    18  fepilogue.o(.text)
    _float_epilogue                          0x080003c1   Thumb Code    92  fepilogue.o(.text)
    __aeabi_dadd                             0x0800041d   Thumb Code   322  dadd.o(.text)
    __aeabi_dsub                             0x0800055f   Thumb Code     6  dadd.o(.text)
    __aeabi_drsub                            0x08000565   Thumb Code     6  dadd.o(.text)
    __aeabi_dmul                             0x0800056b   Thumb Code   228  dmul.o(.text)
    __aeabi_ddiv                             0x0800064f   Thumb Code   222  ddiv.o(.text)
    __aeabi_d2ulz                            0x0800072d   Thumb Code    48  dfixul.o(.text)
    __aeabi_cdrcmple                         0x0800075d   Thumb Code    48  cdrcmple.o(.text)
    __scatterload                            0x0800078d   Thumb Code    28  init.o(.text)
    __scatterload_rt2                        0x0800078d   Thumb Code     0  init.o(.text)
    __aeabi_llsl                             0x080007b1   Thumb Code    30  llshl.o(.text)
    _ll_shift_l                              0x080007b1   Thumb Code     0  llshl.o(.text)
    __aeabi_llsr                             0x080007cf   Thumb Code    32  llushr.o(.text)
    _ll_ushift_r                             0x080007cf   Thumb Code     0  llushr.o(.text)
    __aeabi_lasr                             0x080007ef   Thumb Code    36  llsshr.o(.text)
    _ll_sshift_r                             0x080007ef   Thumb Code     0  llsshr.o(.text)
    _double_round                            0x08000813   Thumb Code    30  depilogue.o(.text)
    _double_epilogue                         0x08000831   Thumb Code   156  depilogue.o(.text)
    BME280_ForceMeasure                      0x080008cd   Thumb Code    20  bme280.o(.text.BME280_ForceMeasure)
    BME280_Init                              0x080008e1   Thumb Code   134  bme280.o(.text.BME280_Init)
    BME280_ReadAll                           0x08000969   Thumb Code   944  bme280.o(.text.BME280_ReadAll)
    BME280_ReadID                            0x08000d19   Thumb Code    56  bme280.o(.text.BME280_ReadID)
    BME280_Reset                             0x08000d51   Thumb Code    26  bme280.o(.text.BME280_Reset)
    BusFault_Handler                         0x08000d6d   Thumb Code     4  stm32f1xx_it.o(.text.BusFault_Handler)
    DebugMon_Handler                         0x08000d71   Thumb Code     2  stm32f1xx_it.o(.text.DebugMon_Handler)
    Error_Handler                            0x08000d75   Thumb Code    14  main.o(.text.Error_Handler)
    HAL_Delay                                0x08000d85   Thumb Code    66  stm32f1xx_hal.o(.text.HAL_Delay)
    HAL_GPIO_Init                            0x08000dc9   Thumb Code   798  stm32f1xx_hal_gpio.o(.text.HAL_GPIO_Init)
    HAL_GetTick                              0x080010e9   Thumb Code    12  stm32f1xx_hal.o(.text.HAL_GetTick)
    HAL_I2C_Init                             0x080010f5   Thumb Code   676  stm32f1xx_hal_i2c.o(.text.HAL_I2C_Init)
    HAL_I2C_Master_Transmit                  0x08001399   Thumb Code   520  stm32f1xx_hal_i2c.o(.text.HAL_I2C_Master_Transmit)
    HAL_I2C_Mem_Read                         0x080015a1   Thumb Code  1246  stm32f1xx_hal_i2c.o(.text.HAL_I2C_Mem_Read)
    HAL_I2C_Mem_Write                        0x08001a81   Thumb Code   528  stm32f1xx_hal_i2c.o(.text.HAL_I2C_Mem_Write)
    HAL_I2C_MspInit                          0x08001c91   Thumb Code   126  i2c.o(.text.HAL_I2C_MspInit)
    HAL_IncTick                              0x08001d11   Thumb Code    26  stm32f1xx_hal.o(.text.HAL_IncTick)
    HAL_Init                                 0x08001d2d   Thumb Code    38  stm32f1xx_hal.o(.text.HAL_Init)
    HAL_InitTick                             0x08001d55   Thumb Code   112  stm32f1xx_hal.o(.text.HAL_InitTick)
    HAL_MspInit                              0x08001dc5   Thumb Code   100  stm32f1xx_hal_msp.o(.text.HAL_MspInit)
    HAL_NVIC_SetPriority                     0x08001e29   Thumb Code    50  stm32f1xx_hal_cortex.o(.text.HAL_NVIC_SetPriority)
    HAL_NVIC_SetPriorityGrouping             0x08001e5d   Thumb Code    16  stm32f1xx_hal_cortex.o(.text.HAL_NVIC_SetPriorityGrouping)
    HAL_RCC_ClockConfig                      0x08001e6d   Thumb Code   598  stm32f1xx_hal_rcc.o(.text.HAL_RCC_ClockConfig)
    HAL_RCC_GetHCLKFreq                      0x080020c5   Thumb Code    12  stm32f1xx_hal_rcc.o(.text.HAL_RCC_GetHCLKFreq)
    HAL_RCC_GetPCLK1Freq                     0x080020d1   Thumb Code    34  stm32f1xx_hal_rcc.o(.text.HAL_RCC_GetPCLK1Freq)
    HAL_RCC_GetPCLK2Freq                     0x080020f5   Thumb Code    34  stm32f1xx_hal_rcc.o(.text.HAL_RCC_GetPCLK2Freq)
    HAL_RCC_GetSysClockFreq                  0x08002119   Thumb Code   188  stm32f1xx_hal_rcc.o(.text.HAL_RCC_GetSysClockFreq)
    HAL_RCC_OscConfig                        0x080021d5   Thumb Code  1658  stm32f1xx_hal_rcc.o(.text.HAL_RCC_OscConfig)
    HAL_SYSTICK_Config                       0x08002851   Thumb Code    16  stm32f1xx_hal_cortex.o(.text.HAL_SYSTICK_Config)
    HAL_UART_Init                            0x08002861   Thumb Code   158  stm32f1xx_hal_uart.o(.text.HAL_UART_Init)
    HAL_UART_MspInit                         0x08002901   Thumb Code   152  usart.o(.text.HAL_UART_MspInit)
    HAL_UART_Transmit                        0x08002999   Thumb Code   304  stm32f1xx_hal_uart.o(.text.HAL_UART_Transmit)
    HardFault_Handler                        0x08002ac9   Thumb Code     4  stm32f1xx_it.o(.text.HardFault_Handler)
    MX_GPIO_Init                             0x080033f1   Thumb Code    66  gpio.o(.text.MX_GPIO_Init)
    MX_I2C1_Init                             0x08003435   Thumb Code    72  i2c.o(.text.MX_I2C1_Init)
    MX_USART1_UART_Init                      0x0800347d   Thumb Code    64  usart.o(.text.MX_USART1_UART_Init)
    MemManage_Handler                        0x080034bd   Thumb Code     4  stm32f1xx_it.o(.text.MemManage_Handler)
    NMI_Handler                              0x080034c1   Thumb Code     4  stm32f1xx_it.o(.text.NMI_Handler)
    OLED_Clear                               0x08003531   Thumb Code    58  oled.o(.text.OLED_Clear)
    OLED_DrawChar                            0x0800356d   Thumb Code   190  oled.o(.text.OLED_DrawChar)
    OLED_Init                                0x0800362d   Thumb Code   178  oled.o(.text.OLED_Init)
    OLED_Print                               0x080036e1   Thumb Code    90  oled.o(.text.OLED_Print)
    OLED_SetPixel                            0x0800373d   Thumb Code   136  oled.o(.text.OLED_SetPixel)
    OLED_Update                              0x080037c5   Thumb Code   124  oled.o(.text.OLED_Update)
    PendSV_Handler                           0x080038b1   Thumb Code     2  stm32f1xx_it.o(.text.PendSV_Handler)
    SVC_Handler                              0x080038f1   Thumb Code     2  stm32f1xx_it.o(.text.SVC_Handler)
    SysTick_Handler                          0x08003949   Thumb Code     8  stm32f1xx_it.o(.text.SysTick_Handler)
    SystemClock_Config                       0x08003951   Thumb Code    90  main.o(.text.SystemClock_Config)
    SystemInit                               0x080039ad   Thumb Code     2  system_stm32f1xx.o(.text.SystemInit)
    UsageFault_Handler                       0x08003bdd   Thumb Code     4  stm32f1xx_it.o(.text.UsageFault_Handler)
    fputc                                    0x08003c71   Thumb Code    32  main.o(.text.fputc)
    main                                     0x08003c91   Thumb Code   756  main.o(.text.main)
    __0printf                                0x08004139   Thumb Code    22  printfa.o(i.__0printf)
    __1printf                                0x08004139   Thumb Code     0  printfa.o(i.__0printf)
    __2printf                                0x08004139   Thumb Code     0  printfa.o(i.__0printf)
    __c89printf                              0x08004139   Thumb Code     0  printfa.o(i.__0printf)
    printf                                   0x08004139   Thumb Code     0  printfa.o(i.__0printf)
    __0sprintf                               0x08004159   Thumb Code    34  printfa.o(i.__0sprintf)
    __1sprintf                               0x08004159   Thumb Code     0  printfa.o(i.__0sprintf)
    __2sprintf                               0x08004159   Thumb Code     0  printfa.o(i.__0sprintf)
    __c89sprintf                             0x08004159   Thumb Code     0  printfa.o(i.__0sprintf)
    sprintf                                  0x08004159   Thumb Code     0  printfa.o(i.__0sprintf)
    __scatterload_copy                       0x08004181   Thumb Code    14  handlers.o(i.__scatterload_copy)
    __scatterload_null                       0x0800418f   Thumb Code     2  handlers.o(i.__scatterload_null)
    __scatterload_zeroinit                   0x08004191   Thumb Code    14  handlers.o(i.__scatterload_zeroinit)
    AHBPrescTable                            0x08004a5c   Data          16  system_stm32f1xx.o(.rodata.AHBPrescTable)
    APBPrescTable                            0x08004a6c   Data           8  system_stm32f1xx.o(.rodata.APBPrescTable)
    Region$$Table$$Base                      0x08004de0   Number         0  anon$$obj.o(Region$$Table)
    Region$$Table$$Limit                     0x08004e00   Number         0  anon$$obj.o(Region$$Table)
    __stdout                                 0x20000000   Data           4  stdout.o(.data)
    SystemCoreClock                          0x20000004   Data           4  system_stm32f1xx.o(.data.SystemCoreClock)
    uwTickFreq                               0x20000008   Data           1  stm32f1xx_hal.o(.data.uwTickFreq)
    uwTickPrio                               0x2000000c   Data           4  stm32f1xx_hal.o(.data.uwTickPrio)
    OLED_Buffer                              0x20000010   Data        1024  oled.o(.bss.OLED_Buffer)
    hi2c1                                    0x20000434   Data          84  i2c.o(.bss.hi2c1)
    huart1                                   0x20000488   Data          72  usart.o(.bss.huart1)
    uwTick                                   0x200004f8   Data           4  stm32f1xx_hal.o(.bss.uwTick)
    __initial_sp                             0x20000900   Data           0  startup_stm32f103xb.o(STACK)



==============================================================================

Memory Map of the image

  Image Entry point : 0x080000ed

  Load Region LR_IROM1 (Base: 0x08000000, Size: 0x00004e10, Max: 0x00010000, ABSOLUTE)

    Execution Region ER_IROM1 (Exec base: 0x08000000, Load base: 0x08000000, Size: 0x00004e00, Max: 0x00010000, ABSOLUTE)

    Exec Addr    Load Addr    Size         Type   Attr      Idx    E Section Name        Object

    0x08000000   0x08000000   0x000000ec   Data   RO            3    RESET               startup_stm32f103xb.o
    0x080000ec   0x080000ec   0x00000000   Code   RO          861  * .ARM.Collect$$$$00000000  mc_w.l(entry.o)
    0x080000ec   0x080000ec   0x00000004   Code   RO          908    .ARM.Collect$$$$00000001  mc_w.l(entry2.o)
    0x080000f0   0x080000f0   0x00000004   Code   RO          911    .ARM.Collect$$$$00000004  mc_w.l(entry5.o)
    0x080000f4   0x080000f4   0x00000000   Code   RO          913    .ARM.Collect$$$$00000008  mc_w.l(entry7b.o)
    0x080000f4   0x080000f4   0x00000000   Code   RO          915    .ARM.Collect$$$$0000000A  mc_w.l(entry8b.o)
    0x080000f4   0x080000f4   0x00000008   Code   RO          916    .ARM.Collect$$$$0000000B  mc_w.l(entry9a.o)
    0x080000fc   0x080000fc   0x00000000   Code   RO          918    .ARM.Collect$$$$0000000D  mc_w.l(entry10a.o)
    0x080000fc   0x080000fc   0x00000000   Code   RO          920    .ARM.Collect$$$$0000000F  mc_w.l(entry11a.o)
    0x080000fc   0x080000fc   0x00000004   Code   RO          909    .ARM.Collect$$$$00002712  mc_w.l(entry2.o)
    0x08000100   0x08000100   0x00000024   Code   RO            4    .text               startup_stm32f103xb.o
    0x08000124   0x08000124   0x00000062   Code   RO          864    .text               mc_w.l(ldiv.o)
    0x08000186   0x08000186   0x00000024   Code   RO          866    .text               mc_w.l(memseta.o)
    0x080001aa   0x080001aa   0x00000064   Code   RO          896    .text               mf_w.l(fmul.o)
    0x0800020e   0x0800020e   0x0000007c   Code   RO          898    .text               mf_w.l(fdiv.o)
    0x0800028a   0x0800028a   0x00000012   Code   RO          900    .text               mf_w.l(fflti.o)
    0x0800029c   0x0800029c   0x0000002c   Code   RO          902    .text               mf_w.l(ffltl.o)
    0x080002c8   0x080002c8   0x00000032   Code   RO          904    .text               mf_w.l(ffixi.o)
    0x080002fa   0x080002fa   0x00000026   Code   RO          906    .text               mf_w.l(f2d.o)
    0x08000320   0x08000320   0x0000002c   Code   RO          932    .text               mc_w.l(uidiv.o)
    0x0800034c   0x0800034c   0x00000062   Code   RO          934    .text               mc_w.l(uldiv.o)
    0x080003ae   0x080003ae   0x00000000   Code   RO          936    .text               mc_w.l(iusefp.o)
    0x080003ae   0x080003ae   0x0000006e   Code   RO          937    .text               mf_w.l(fepilogue.o)
    0x0800041c   0x0800041c   0x0000014e   Code   RO          939    .text               mf_w.l(dadd.o)
    0x0800056a   0x0800056a   0x000000e4   Code   RO          941    .text               mf_w.l(dmul.o)
    0x0800064e   0x0800064e   0x000000de   Code   RO          943    .text               mf_w.l(ddiv.o)
    0x0800072c   0x0800072c   0x00000030   Code   RO          945    .text               mf_w.l(dfixul.o)
    0x0800075c   0x0800075c   0x00000030   Code   RO          947    .text               mf_w.l(cdrcmple.o)
    0x0800078c   0x0800078c   0x00000024   Code   RO          949    .text               mc_w.l(init.o)
    0x080007b0   0x080007b0   0x0000001e   Code   RO          951    .text               mc_w.l(llshl.o)
    0x080007ce   0x080007ce   0x00000020   Code   RO          953    .text               mc_w.l(llushr.o)
    0x080007ee   0x080007ee   0x00000024   Code   RO          955    .text               mc_w.l(llsshr.o)
    0x08000812   0x08000812   0x000000ba   Code   RO          957    .text               mf_w.l(depilogue.o)
    0x080008cc   0x080008cc   0x00000014   Code   RO           37    .text.BME280_ForceMeasure  bme280.o
    0x080008e0   0x080008e0   0x00000086   Code   RO           33    .text.BME280_Init   bme280.o
    0x08000966   0x08000966   0x00000002   PAD
    0x08000968   0x08000968   0x000003b0   Code   RO           45    .text.BME280_ReadAll  bme280.o
    0x08000d18   0x08000d18   0x00000038   Code   RO           25    .text.BME280_ReadID  bme280.o
    0x08000d50   0x08000d50   0x0000001a   Code   RO           29    .text.BME280_Reset  bme280.o
    0x08000d6a   0x08000d6a   0x00000002   PAD
    0x08000d6c   0x08000d6c   0x00000004   Code   RO          102    .text.BusFault_Handler  stm32f1xx_it.o
    0x08000d70   0x08000d70   0x00000002   Code   RO          108    .text.DebugMon_Handler  stm32f1xx_it.o
    0x08000d72   0x08000d72   0x00000002   PAD
    0x08000d74   0x08000d74   0x0000000e   Code   RO           60    .text.Error_Handler  main.o
    0x08000d82   0x08000d82   0x00000002   PAD
    0x08000d84   0x08000d84   0x00000042   Code   RO          490    .text.HAL_Delay     stm32f1xx_hal.o
    0x08000dc6   0x08000dc6   0x00000002   PAD
    0x08000dc8   0x08000dc8   0x0000031e   Code   RO          584    .text.HAL_GPIO_Init  stm32f1xx_hal_gpio.o
    0x080010e6   0x080010e6   0x00000002   PAD
    0x080010e8   0x080010e8   0x0000000c   Code   RO          482    .text.HAL_GetTick   stm32f1xx_hal.o
    0x080010f4   0x080010f4   0x000002a4   Code   RO          155    .text.HAL_I2C_Init  stm32f1xx_hal_i2c.o
    0x08001398   0x08001398   0x00000208   Code   RO          163    .text.HAL_I2C_Master_Transmit  stm32f1xx_hal_i2c.o
    0x080015a0   0x080015a0   0x000004de   Code   RO          209    .text.HAL_I2C_Mem_Read  stm32f1xx_hal_i2c.o
    0x08001a7e   0x08001a7e   0x00000002   PAD
    0x08001a80   0x08001a80   0x00000210   Code   RO          205    .text.HAL_I2C_Mem_Write  stm32f1xx_hal_i2c.o
    0x08001c90   0x08001c90   0x0000007e   Code   RO           13    .text.HAL_I2C_MspInit  i2c.o
    0x08001d0e   0x08001d0e   0x00000002   PAD
    0x08001d10   0x08001d10   0x0000001a   Code   RO          480    .text.HAL_IncTick   stm32f1xx_hal.o
    0x08001d2a   0x08001d2a   0x00000002   PAD
    0x08001d2c   0x08001d2c   0x00000026   Code   RO          470    .text.HAL_Init      stm32f1xx_hal.o
    0x08001d52   0x08001d52   0x00000002   PAD
    0x08001d54   0x08001d54   0x00000070   Code   RO          472    .text.HAL_InitTick  stm32f1xx_hal.o
    0x08001dc4   0x08001dc4   0x00000064   Code   RO          121    .text.HAL_MspInit   stm32f1xx_hal_msp.o
    0x08001e28   0x08001e28   0x00000032   Code   RO          644    .text.HAL_NVIC_SetPriority  stm32f1xx_hal_cortex.o
    0x08001e5a   0x08001e5a   0x00000002   PAD
    0x08001e5c   0x08001e5c   0x00000010   Code   RO          640    .text.HAL_NVIC_SetPriorityGrouping  stm32f1xx_hal_cortex.o
    0x08001e6c   0x08001e6c   0x00000256   Code   RO          536    .text.HAL_RCC_ClockConfig  stm32f1xx_hal_rcc.o
    0x080020c2   0x080020c2   0x00000002   PAD
    0x080020c4   0x080020c4   0x0000000c   Code   RO          546    .text.HAL_RCC_GetHCLKFreq  stm32f1xx_hal_rcc.o
    0x080020d0   0x080020d0   0x00000022   Code   RO          548    .text.HAL_RCC_GetPCLK1Freq  stm32f1xx_hal_rcc.o
    0x080020f2   0x080020f2   0x00000002   PAD
    0x080020f4   0x080020f4   0x00000022   Code   RO          550    .text.HAL_RCC_GetPCLK2Freq  stm32f1xx_hal_rcc.o
    0x08002116   0x08002116   0x00000002   PAD
    0x08002118   0x08002118   0x000000bc   Code   RO          538    .text.HAL_RCC_GetSysClockFreq  stm32f1xx_hal_rcc.o
    0x080021d4   0x080021d4   0x0000067a   Code   RO          532    .text.HAL_RCC_OscConfig  stm32f1xx_hal_rcc.o
    0x0800284e   0x0800284e   0x00000002   PAD
    0x08002850   0x08002850   0x00000010   Code   RO          664    .text.HAL_SYSTICK_Config  stm32f1xx_hal_cortex.o
    0x08002860   0x08002860   0x0000009e   Code   RO          339    .text.HAL_UART_Init  stm32f1xx_hal_uart.o
    0x080028fe   0x080028fe   0x00000002   PAD
    0x08002900   0x08002900   0x00000098   Code   RO           84    .text.HAL_UART_MspInit  usart.o
    0x08002998   0x08002998   0x00000130   Code   RO          355    .text.HAL_UART_Transmit  stm32f1xx_hal_uart.o
    0x08002ac8   0x08002ac8   0x00000004   Code   RO           98    .text.HardFault_Handler  stm32f1xx_it.o
    0x08002acc   0x08002acc   0x00000064   Code   RO          317    .text.I2C_IsAcknowledgeFailed  stm32f1xx_hal_i2c.o
    0x08002b30   0x08002b30   0x00000112   Code   RO          167    .text.I2C_MasterRequestWrite  stm32f1xx_hal_i2c.o
    0x08002c42   0x08002c42   0x00000002   PAD
    0x08002c44   0x08002c44   0x000001e2   Code   RO          211    .text.I2C_RequestMemoryRead  stm32f1xx_hal_i2c.o
    0x08002e26   0x08002e26   0x00000002   PAD
    0x08002e28   0x08002e28   0x0000013a   Code   RO          207    .text.I2C_RequestMemoryWrite  stm32f1xx_hal_i2c.o
    0x08002f62   0x08002f62   0x00000002   PAD
    0x08002f64   0x08002f64   0x000000ac   Code   RO          171    .text.I2C_WaitOnBTFFlagUntilTimeout  stm32f1xx_hal_i2c.o
    0x08003010   0x08003010   0x00000108   Code   RO          165    .text.I2C_WaitOnFlagUntilTimeout  stm32f1xx_hal_i2c.o
    0x08003118   0x08003118   0x00000154   Code   RO          315    .text.I2C_WaitOnMasterAddressFlagUntilTimeout  stm32f1xx_hal_i2c.o
    0x0800326c   0x0800326c   0x000000dc   Code   RO          177    .text.I2C_WaitOnRXNEFlagUntilTimeout  stm32f1xx_hal_i2c.o
    0x08003348   0x08003348   0x000000a8   Code   RO          169    .text.I2C_WaitOnTXEFlagUntilTimeout  stm32f1xx_hal_i2c.o
    0x080033f0   0x080033f0   0x00000042   Code   RO           74    .text.MX_GPIO_Init  gpio.o
    0x08003432   0x08003432   0x00000002   PAD
    0x08003434   0x08003434   0x00000048   Code   RO           11    .text.MX_I2C1_Init  i2c.o
    0x0800347c   0x0800347c   0x00000040   Code   RO           82    .text.MX_USART1_UART_Init  usart.o
    0x080034bc   0x080034bc   0x00000004   Code   RO          100    .text.MemManage_Handler  stm32f1xx_it.o
    0x080034c0   0x080034c0   0x00000004   Code   RO           96    .text.NMI_Handler   stm32f1xx_it.o
    0x080034c4   0x080034c4   0x0000006c   Code   RO          650    .text.NVIC_EncodePriority  stm32f1xx_hal_cortex.o
    0x08003530   0x08003530   0x0000003a   Code   RO          133    .text.OLED_Clear    oled.o
    0x0800356a   0x0800356a   0x00000002   PAD
    0x0800356c   0x0800356c   0x000000be   Code   RO          141    .text.OLED_DrawChar  oled.o
    0x0800362a   0x0800362a   0x00000002   PAD
    0x0800362c   0x0800362c   0x000000b2   Code   RO          129    .text.OLED_Init     oled.o
    0x080036de   0x080036de   0x00000002   PAD
    0x080036e0   0x080036e0   0x0000005a   Code   RO          143    .text.OLED_Print    oled.o
    0x0800373a   0x0800373a   0x00000002   PAD
    0x0800373c   0x0800373c   0x00000088   Code   RO          139    .text.OLED_SetPixel  oled.o
    0x080037c4   0x080037c4   0x0000007c   Code   RO          135    .text.OLED_Update   oled.o
    0x08003840   0x08003840   0x00000036   Code   RO          131    .text.OLED_WriteCmd  oled.o
    0x08003876   0x08003876   0x00000002   PAD
    0x08003878   0x08003878   0x00000036   Code   RO          137    .text.OLED_WriteData  oled.o
    0x080038ae   0x080038ae   0x00000002   PAD
    0x080038b0   0x080038b0   0x00000002   Code   RO          110    .text.PendSV_Handler  stm32f1xx_it.o
    0x080038b2   0x080038b2   0x00000002   PAD
    0x080038b4   0x080038b4   0x0000003a   Code   RO          534    .text.RCC_Delay     stm32f1xx_hal_rcc.o
    0x080038ee   0x080038ee   0x00000002   PAD
    0x080038f0   0x080038f0   0x00000002   Code   RO          106    .text.SVC_Handler   stm32f1xx_it.o
    0x080038f2   0x080038f2   0x00000002   PAD
    0x080038f4   0x080038f4   0x00000052   Code   RO          666    .text.SysTick_Config  stm32f1xx_hal_cortex.o
    0x08003946   0x08003946   0x00000002   PAD
    0x08003948   0x08003948   0x00000008   Code   RO          112    .text.SysTick_Handler  stm32f1xx_it.o
    0x08003950   0x08003950   0x0000005a   Code   RO           58    .text.SystemClock_Config  main.o
    0x080039aa   0x080039aa   0x00000002   PAD
    0x080039ac   0x080039ac   0x00000002   Code   RO          848    .text.SystemInit    system_stm32f1xx.o
    0x080039ae   0x080039ae   0x00000002   PAD
    0x080039b0   0x080039b0   0x00000094   Code   RO          387    .text.UART_EndRxTransfer  stm32f1xx_hal_uart.o
    0x08003a44   0x08003a44   0x000000ba   Code   RO          343    .text.UART_SetConfig  stm32f1xx_hal_uart.o
    0x08003afe   0x08003afe   0x00000002   PAD
    0x08003b00   0x08003b00   0x000000da   Code   RO          357    .text.UART_WaitOnFlagUntilTimeout  stm32f1xx_hal_uart.o
    0x08003bda   0x08003bda   0x00000002   PAD
    0x08003bdc   0x08003bdc   0x00000004   Code   RO          104    .text.UsageFault_Handler  stm32f1xx_it.o
    0x08003be0   0x08003be0   0x00000010   Code   RO          646    .text.__NVIC_GetPriorityGrouping  stm32f1xx_hal_cortex.o
    0x08003bf0   0x08003bf0   0x00000042   Code   RO          648    .text.__NVIC_SetPriority  stm32f1xx_hal_cortex.o
    0x08003c32   0x08003c32   0x00000002   PAD
    0x08003c34   0x08003c34   0x0000003c   Code   RO          642    .text.__NVIC_SetPriorityGrouping  stm32f1xx_hal_cortex.o
    0x08003c70   0x08003c70   0x00000020   Code   RO           62    .text.fputc         main.o
    0x08003c90   0x08003c90   0x000002f4   Code   RO           56    .text.main          main.o
    0x08003f84   0x08003f84   0x00000148   Code   RO           35    .text.read_calibration  bme280.o
    0x080040cc   0x080040cc   0x00000038   Code   RO           27    .text.read_regs     bme280.o
    0x08004104   0x08004104   0x00000034   Code   RO           31    .text.write_reg     bme280.o
    0x08004138   0x08004138   0x00000020   Code   RO          869    i.__0printf         mc_w.l(printfa.o)
    0x08004158   0x08004158   0x00000028   Code   RO          871    i.__0sprintf        mc_w.l(printfa.o)
    0x08004180   0x08004180   0x0000000e   Code   RO          961    i.__scatterload_copy  mc_w.l(handlers.o)
    0x0800418e   0x0800418e   0x00000002   Code   RO          962    i.__scatterload_null  mc_w.l(handlers.o)
    0x08004190   0x08004190   0x0000000e   Code   RO          963    i.__scatterload_zeroinit  mc_w.l(handlers.o)
    0x0800419e   0x0800419e   0x00000002   PAD
    0x080041a0   0x080041a0   0x00000184   Code   RO          876    i._fp_digits        mc_w.l(printfa.o)
    0x08004324   0x08004324   0x000006dc   Code   RO          877    i._printf_core      mc_w.l(printfa.o)
    0x08004a00   0x08004a00   0x00000024   Code   RO          878    i._printf_post_padding  mc_w.l(printfa.o)
    0x08004a24   0x08004a24   0x0000002e   Code   RO          879    i._printf_pre_padding  mc_w.l(printfa.o)
    0x08004a52   0x08004a52   0x0000000a   Code   RO          881    i._sputc            mc_w.l(printfa.o)
    0x08004a5c   0x08004a5c   0x00000010   Data   RO          853    .rodata.AHBPrescTable  system_stm32f1xx.o
    0x08004a6c   0x08004a6c   0x00000008   Data   RO          854    .rodata.APBPrescTable  system_stm32f1xx.o
    0x08004a74   0x08004a74   0x000001db   Data   RO          147    .rodata.Font5x7     oled.o
    0x08004c4f   0x08004c4f   0x00000010   Data   RO          560    .rodata.HAL_RCC_GetSysClockFreq.aPLLMULFactorTable  stm32f1xx_hal_rcc.o
    0x08004c5f   0x08004c5f   0x00000002   Data   RO          561    .rodata.HAL_RCC_GetSysClockFreq.aPredivFactorTable  stm32f1xx_hal_rcc.o
    0x08004c61   0x08004c61   0x0000017f   Data   RO           64    .rodata.str1.1      main.o
    0x08004de0   0x08004de0   0x00000020   Data   RO          960    Region$$Table       anon$$obj.o


    Execution Region RW_IRAM1 (Exec base: 0x20000000, Load base: 0x08004e00, Size: 0x00000900, Max: 0x00005000, ABSOLUTE)

    Exec Addr    Load Addr    Size         Type   Attr      Idx    E Section Name        Object

    0x20000000   0x08004e00   0x00000004   Data   RW          922    .data               mc_w.l(stdout.o)
    0x20000004   0x08004e04   0x00000004   Data   RW          852    .data.SystemCoreClock  system_stm32f1xx.o
    0x20000008   0x08004e08   0x00000001   Data   RW          521    .data.uwTickFreq    stm32f1xx_hal.o
    0x20000009   0x08004e09   0x00000003   PAD
    0x2000000c   0x08004e0c   0x00000004   Data   RW          520    .data.uwTickPrio    stm32f1xx_hal.o
    0x20000010        -       0x00000400   Zero   RW          146    .bss.OLED_Buffer    oled.o
    0x20000410        -       0x00000024   Zero   RW           47    .bss.calib          bme280.o
    0x20000434        -       0x00000054   Zero   RW           17    .bss.hi2c1          i2c.o
    0x20000488        -       0x00000048   Zero   RW           88    .bss.huart1         usart.o
    0x200004d0        -       0x00000004   Zero   RW          145    .bss.oled_i2c       oled.o
    0x200004d4        -       0x00000020   Zero   RW           65    .bss.oled_line      main.o
    0x200004f4        -       0x00000004   Zero   RW           48    .bss.t_fine         bme280.o
    0x200004f8        -       0x00000004   Zero   RW          522    .bss.uwTick         stm32f1xx_hal.o
    0x200004fc   0x08004e10   0x00000004   PAD
    0x20000500        -       0x00000400   Zero   RW            1    STACK               startup_stm32f103xb.o


==============================================================================

Image component sizes


      Code (inc. data)   RO Data    RW Data    ZI Data      Debug   Object Name

      1616          0          0          0         40       7516   bme280.o
        66          0          0          0          0        903   gpio.o
       198          0          0          0         84       4212   i2c.o
       892          0        383          0         32       2480   main.o
       884          0        475          0       1028       4861   oled.o
        36          8        236          0       1024        764   startup_stm32f103xb.o
       254          0          0          5          4       5530   stm32f1xx_hal.o
       414          0          0          0          0       7487   stm32f1xx_hal_cortex.o
       798          0          0          0          0       4191   stm32f1xx_hal_gpio.o
      5304          0          0          0          0      37265   stm32f1xx_hal_i2c.o
       100          0          0          0          0       1168   stm32f1xx_hal_msp.o
      2582          0         18          0          0       7381   stm32f1xx_hal_rcc.o
      1014          0          0          0          0      19906   stm32f1xx_hal_uart.o
        34          0          0          0          0        995   stm32f1xx_it.o
         2          0         24          4          0       1540   system_stm32f1xx.o
       216          0          0          0         72       4062   usart.o

    ----------------------------------------------------------------------
     14480          8       1168         12       2288     110261   Object Totals
         0          0         32          0          0          0   (incl. Generated)
        70          0          0          3          4          0   (incl. Padding)

    ----------------------------------------------------------------------

      Code (inc. data)   RO Data    RW Data    ZI Data      Debug   Library Member Name

         0          0          0          0          0          0   entry.o
         0          0          0          0          0          0   entry10a.o
         0          0          0          0          0          0   entry11a.o
         8          4          0          0          0          0   entry2.o
         4          0          0          0          0          0   entry5.o
         0          0          0          0          0          0   entry7b.o
         0          0          0          0          0          0   entry8b.o
         8          4          0          0          0          0   entry9a.o
        30          0          0          0          0          0   handlers.o
        36          8          0          0          0         68   init.o
         0          0          0          0          0          0   iusefp.o
        98          0          0          0          0         84   ldiv.o
        30          0          0          0          0         68   llshl.o
        36          0          0          0          0         68   llsshr.o
        32          0          0          0          0         68   llushr.o
        36          0          0          0          0        108   memseta.o
      2308         96          0          0          0        604   printfa.o
         0          0          0          4          0          0   stdout.o
        44          0          0          0          0         80   uidiv.o
        98          0          0          0          0         92   uldiv.o
        48          0          0          0          0         68   cdrcmple.o
       334          0          0          0          0        148   dadd.o
       222          0          0          0          0        100   ddiv.o
       186          0          0          0          0        176   depilogue.o
        48          0          0          0          0         68   dfixul.o
       228          0          0          0          0         96   dmul.o
        38          0          0          0          0         68   f2d.o
       124          0          0          0          0         88   fdiv.o
       110          0          0          0          0        168   fepilogue.o
        50          0          0          0          0         68   ffixi.o
        18          0          0          0          0         68   fflti.o
        44          0          0          0          0         92   ffltl.o
       100          0          0          0          0         76   fmul.o

    ----------------------------------------------------------------------
      4320        112          0          4          0       2524   Library Totals
         2          0          0          0          0          0   (incl. Padding)

    ----------------------------------------------------------------------

      Code (inc. data)   RO Data    RW Data    ZI Data      Debug   Library Name

      2768        112          0          4          0       1240   mc_w.l
      1550          0          0          0          0       1284   mf_w.l

    ----------------------------------------------------------------------
      4320        112          0          4          0       2524   Library Totals

    ----------------------------------------------------------------------

==============================================================================


      Code (inc. data)   RO Data    RW Data    ZI Data      Debug   

     18800        120       1168         16       2288     111357   Grand Totals
     18800        120       1168         16       2288     111357   ELF Image Totals
     18800        120       1168         16          0          0   ROM Totals

==============================================================================

    Total RO  Size (Code + RO Data)                19968 (  19.50kB)
    Total RW  Size (RW Data + ZI Data)              2304 (   2.25kB)
    Total ROM Size (Code + RO Data + RW Data)      19984 (  19.52kB)

==============================================================================

